#
# A fatal error has been detected by the Java Runtime Environment:
#
#  EXCEPTION_ACCESS_VIOLATION (0xc0000005) at pc=0x000002140a92ada4, pid=9512, tid=23400
#
# JRE version: Java(TM) SE Runtime Environment (21.0.10+8) (build 21.0.10+8-LTS-217)
# Java VM: Java HotSpot(TM) 64-Bit Server VM (21.0.10+8-LTS-217, mixed mode, emulated-client, sharing, tiered, compressed oops, compressed class ptrs, g1 gc, windows-amd64)
# Problematic frame:
# v  ~BufferBlob::MethodHandles adapters 0x000002140a92ada4
#
# No core dump will be written. Minidumps are not enabled by default on client versions of Windows
#
# If you would like to submit a bug report, please visit:
#   https://bugreport.java.com/bugreport/crash.jsp
#

---------------  S U M M A R Y ------------

Command Line: -agentlib:jdwp=transport=dt_socket,address=127.0.0.1:61518,suspend=y,server=n -javaagent:C:\Users\duckh\AppData\Local\JetBrains\IntelliJIdea2025.3\captureAgent\debugger-agent.jar=file:///C:/Users/duckh/AppData/Local/Temp/capture16581207011379944921.props -agentpath:C:\Users\duckh\AppData\Local\Temp\idea_libasyncProfiler_dll_temp_folder\libasyncProfiler.dll=version,jfr,event=wall,interval=10ms,cstack=no,file=C:\Users\duckh\IdeaSnapshots\GenerateApplication_2026_03_10_204953.jfr,dbghelppath=C:\Users\duckh\AppData\Local\Temp\idea_dbghelp_dll_temp_folder\dbghelp.dll,log=C:\Users\duckh\AppData\Local\Temp\GenerateApplication_2026_03_10_204953.jfr.log.txt,logLevel=DEBUG -XX:TieredStopAtLevel=1 -Dspring.output.ansi.enabled=always -Dcom.sun.management.jmxremote -Dspring.jmx.enabled=true -Dspring.liveBeansView.mbeanDomain -Dspring.application.admin.enabled=true -Dmanagement.endpoints.jmx.exposure.include=* -Dkotlinx.coroutines.debug.enable.creation.stack.trace=false -Ddebugger.agent.enable.coroutines=true -Dkotlinx.coroutines.debug.enable.flows.stack.trace=true -Dkotlinx.coroutines.debug.enable.mutable.state.flows.stack.trace=true -Ddebugger.async.stack.trace.for.all.threads=true -Dfile.encoding=UTF-8 -Dsun.stdout.encoding=UTF-8 -Dsun.stderr.encoding=UTF-8 com.quizguru.generates.GenerateApplication

Host: AMD Ryzen AI 7 H 350 w/ Radeon 860M            , 16 cores, 27G,  Windows 11 , 64 bit Build 26100 (10.0.26100.7705)
Time: Tue Mar 10 20:51:41 2026 SE Asia Standard Time elapsed time: 107.291974 seconds (0d 0h 1m 47s)

---------------  T H R E A D  ---------------

Current thread (0x000002146bfac4f0):  JavaThread "org.springframework.amqp.rabbit.RabbitListenerEndpointContainer#2-1"        [_thread_in_Java, id=23400, stack(0x00000083e9a00000,0x00000083e9b00000) (1024K)]

Stack: [0x00000083e9a00000,0x00000083e9b00000],  sp=0x00000083e9afe228,  free space=1016k
Native frames: (J=compiled Java code, j=interpreted, Vv=VM code, C=native code)
C  0x000002140a92ada4

The last pc belongs to _linkToVirtual (printed below).

siginfo: EXCEPTION_ACCESS_VIOLATION (0xc0000005), reading address 0xffffffffffffffff


Registers:
RAX=0x000002140a8f9086, RBX=0x000000064a7aba88, RCX=0x00000083e9afe238, RDX=0x0000000000000003
RSP=0x00000083e9afe228, RBP=0x00000083e9afe280, RSI=0x000002145b336a58, RDI=0x0000021460f7e550
R8 =0x0000000000000003, R9 =0x000002146bedebd0, R10=0x000002143472be1b, R11=0xc870ed27c94f2eca
R12=0x0000000000000000, R13=0x00000083e9afe228, R14=0x00000083e9afe2a8, R15=0x000002146bfac4f0
RIP=0x000002140a92ada4, EFLAGS=0x0000000000010206


Register to memory mapping:

RAX=0x000002140a8f9086 is at code_begin+3078 in an Interpreter codelet
return entry points  [0x000002140a8f8480, 0x000002140a8fa298]  7704 bytes
RBX=0x000000064a7aba88 is an oop: com.quizguru.generates.consumer.dto.request.GenerateVocabByListRequest 
{0x000000064a7aba88} - klass: 'com/quizguru/generates/consumer/dto/request/GenerateVocabByListRequest'
 - ---- fields (total size 7 words):
 - private final 'userId' 'Ljava/lang/String;' @12  "10327497-8588-4337-b833-da4d4c2e9736"{0x000000064a7975d0} (0xc94f2eba)
 - private final 'quizId' 'Ljava/lang/String;' @16  "1337bf4a-dd01-47b1-8638-8404844c2949"{0x000000064a797650} (0xc94f2eca)
 - private final 'wordSetId' 'Ljava/lang/String;' @20  ""{0x0000000643876938} (0xc870ed27)
 - private final 'wordSetName' 'Ljava/lang/String;' @24  "53"{0x000000064a797728} (0xc94f2ee5)
 - private final 'names' 'Ljava/util/List;' @28  a 'java/util/ArrayList'{0x000000064a7977c0} (0xc94f2ef8)
 - private final 'type' 'Ljava/lang/String;' @32  "SINGLE_CHOICE_QUESTION"{0x000000064a797870} (0xc94f2f0e)
 - private final 'number' 'Ljava/lang/Integer;' @36  a 'java/lang/Integer'{0x00000006438d3340} = 5 (0xc871a668)
 - private final 'language' 'Ljava/lang/String;' @40  "english"{0x000000064a797910} (0xc94f2f22)
 - private final 'level' 'Ljava/lang/String;' @44  "EASY"{0x000000064a797970} (0xc94f2f2e)
 - private final 'duration' 'Ljava/lang/Integer;' @48  a 'java/lang/Integer'{0x000000064a7979d0} = 600 (0xc94f2f3a)
RCX=0x00000083e9afe238 is pointing into the stack for thread: 0x000002146bfac4f0
RDX=0x0000000000000003 is an unknown value
RSP=0x00000083e9afe228 is pointing into the stack for thread: 0x000002146bfac4f0
RBP=0x00000083e9afe280 is pointing into the stack for thread: 0x000002146bfac4f0
RSI=0x000002145b336a58 points into unknown readable memory: 0x8000171414d20b26 | 26 0b d2 14 14 17 00 80
RDI=0x0000021460f7e550 points into unknown readable memory: 0x0000002000000070 | 70 00 00 00 20 00 00 00
R8 =0x0000000000000003 is an unknown value
R9 =0x000002146bedebd0 points into unknown readable memory: 0x0000001e00000003 | 03 00 00 00 1e 00 00 00
R10=0x000002143472be1b is an unknown value
R11=0xc870ed27c94f2eca is an unknown value
R12=0x0 is null
R13=0x00000083e9afe228 is pointing into the stack for thread: 0x000002146bfac4f0
R14=0x00000083e9afe2a8 is pointing into the stack for thread: 0x000002146bfac4f0
R15=0x000002146bfac4f0 is a thread

Top of Stack: (sp=0x00000083e9afe228)
0x00000083e9afe228:   000002140a8f9086 0000000645c064b0
0x00000083e9afe238:   00000083e9afe238 000002141a72be1b
0x00000083e9afe248:   0000000000000005 000002141a0b16b8
0x00000083e9afe258:   0000000643864750 0000000643877b28
0x00000083e9afe268:   000002141a0b41b0 00000083e9afe228
0x00000083e9afe278:   00000083e9afe2b0 00000083e9afe5e0
0x00000083e9afe288:   000002140bc32b3f 000000064a01f7a0
0x00000083e9afe298:   000000064a7aba88 0000000645c064b0
0x00000083e9afe2a8:   000000064a01f918 00000006446dd9f8
0x00000083e9afe2b8:   000002140acc619e 0000000000000039
0x00000083e9afe2c8:   00000006446dd9f8 000000064a01fce8
0x00000083e9afe2d8:   0000000645c064b0 000000064a01fc00
0x00000083e9afe2e8:   000000064a7aba88 000000064a7aba88
0x00000083e9afe2f8:   000000064a01fae0 000000064a01f918
0x00000083e9afe308:   0000000645c064b0 000002140bc32a54
0x00000083e9afe318:   00007ff957fc6913 00000083e9afe5e0
0x00000083e9afe328:   000002140b7eb7aa 0000021400000000
0x00000083e9afe338:   0000000645b17df8 00000006446dd9f8
0x00000083e9afe348:   000000064a01fd18 000000064a01fce8
0x00000083e9afe358:   0000008300000001 00000006446dd9f8
0x00000083e9afe368:   0000000648eab490 00000006453ffe38
0x00000083e9afe378:   00007ff957bc9186 00000083e9afe5e0
0x00000083e9afe388:   000002140ae1e56c 00000083e9afa9c0
0x00000083e9afe398:   00000083e9afa910 00000083e9afe5e0
0x00000083e9afe3a8:   000002140b9a2df4 0000000000000000
0x00000083e9afe3b8:   0000000000000000 0000000000000000
0x00000083e9afe3c8:   0000000000000000 0000000000000000
0x00000083e9afe3d8:   0000000000000000 000000064a01fd18
0x00000083e9afe3e8:   000000064a7dbfc8 0000000645c064b0
0x00000083e9afe3f8:   00000083e9afa900 0000000645b17df8
0x00000083e9afe408:   00000006438d22e0 0000000645b17df8
0x00000083e9afe418:   00000006453ffe38 0000000000000000 

Instructions: (pc=0x000002140a92ada4)
0x000002140a92aca4:   14 02 00 00 00 ad 92 0a 14 02 00 00 80 bd 92 0a
0x000002140a92acb4:   14 02 00 00 f0 ac 92 0a 14 02 00 00 f0 ac 92 0a
0x000002140a92acc4:   14 02 00 00 00 00 00 00 00 00 00 00 58 02 16 58
0x000002140a92acd4:   f9 7f 00 00 f0 10 00 00 60 00 00 00 ff ff ff ff
0x000002140a92ace4:   f0 10 00 00 00 00 00 00 00 00 00 00 00 00 00 00
0x000002140a92acf4:   00 00 00 00 00 00 00 00 00 00 00 00 f4 66 66 66
0x000002140a92ad04:   0f 1f 84 00 00 00 00 00 66 66 0f 1f 84 00 00 00
0x000002140a92ad14:   00 00 66 66 0f 1f 84 00 00 00 00 00 48 8b 53 08
0x000002140a92ad24:   0f b7 52 2e 48 8b 0c d4 8b 59 14 48 c1 e3 03 8b
0x000002140a92ad34:   5b 28 48 c1 e3 03 8b 5b 24 48 c1 e3 03 48 8b 5b
0x000002140a92ad44:   10 48 85 db 0f 84 10 00 00 00 41 80 bf e0 05 00
0x000002140a92ad54:   00 00 74 03 ff 63 38 ff 63 50 e9 9d 16 00 00 66
0x000002140a92ad64:   66 66 0f 1f 84 00 00 00 00 00 66 0f 1f 84 00 00
0x000002140a92ad74:   00 00 00 66 0f 1f 84 00 00 00 00 00 48 8b 53 08
0x000002140a92ad84:   0f b7 52 2e 48 8b 0c d4 58 5b 50 44 8b 51 08 49
0x000002140a92ad94:   bb 00 00 00 1a 14 02 00 00 4d 03 d3 4c 8b 5b 10
0x000002140a92ada4:   4b 8b 9c da c0 01 00 00 48 85 db 0f 84 10 00 00
0x000002140a92adb4:   00 41 80 bf e0 05 00 00 00 74 03 ff 63 38 ff 63
0x000002140a92adc4:   50 e9 36 16 00 00 66 66 66 0f 1f 84 00 00 00 00
0x000002140a92add4:   00 66 66 66 0f 1f 84 00 00 00 00 00 58 5b 50 8b
0x000002140a92ade4:   5b 24 48 c1 e3 03 48 8b 5b 10 48 85 db 0f 84 10
0x000002140a92adf4:   00 00 00 41 80 bf e0 05 00 00 00 74 03 ff 63 38
0x000002140a92ae04:   ff 63 50 e9 f4 15 00 00 66 66 0f 1f 84 00 00 00
0x000002140a92ae14:   00 00 66 66 0f 1f 84 00 00 00 00 00 48 8b 53 08
0x000002140a92ae24:   0f b7 52 2e 48 8b 0c d4 58 5b 50 48 3b 01 8b 5b
0x000002140a92ae34:   24 48 c1 e3 03 48 8b 5b 10 48 85 db 0f 84 10 00
0x000002140a92ae44:   00 00 41 80 bf e0 05 00 00 00 74 03 ff 63 38 ff
0x000002140a92ae54:   63 50 e9 a5 15 00 00 0f 1f 44 00 00 48 8b 53 08
0x000002140a92ae64:   0f b7 52 2e 48 8b 0c d4 58 5b 50 44 8b 51 08 49
0x000002140a92ae74:   bb 00 00 00 1a 14 02 00 00 4d 03 d3 8b 43 18 48
0x000002140a92ae84:   c1 e0 03 48 8b 40 10 48 8b 5b 10 45 8b 9a a0 00
0x000002140a92ae94:   00 00 4f 8d 9c da c0 01 00 00 4d 8d 14 da 49 8b 


Stack slot to memory mapping:

stack at sp + 0 slots: 0x000002140a8f9086 is at code_begin+3078 in an Interpreter codelet
return entry points  [0x000002140a8f8480, 0x000002140a8fa298]  7704 bytes
stack at sp + 1 slots: 0x0000000645c064b0 is an oop: com.quizguru.generates.consumer.GenerateConsumer 
{0x0000000645c064b0} - klass: 'com/quizguru/generates/consumer/GenerateConsumer'
 - ---- fields (total size 3 words):
 - private final 'generateService' 'Lcom/quizguru/generates/service/GenerateService;' @12  a 'com/quizguru/generates/service/impl/GenerateServiceImpl'{0x0000000645c064c8} (0xc8b80c99)
 - private final 'generateProperties' 'Lcom/quizguru/generates/properties/GenerateProperties;' @16  a 'com/quizguru/generates/properties/GenerateProperties'{0x00000006459d1790} (0xc8b3a2f2)
 - private final 'promptProperties' 'Lcom/quizguru/generates/properties/PromptProperties;' @20  a 'com/quizguru/generates/properties/PromptProperties'{0x000000064520c698} (0xc8a418d3)
stack at sp + 2 slots: 0x00000083e9afe238 is pointing into the stack for thread: 0x000002146bfac4f0
stack at sp + 3 slots: 0x000002141a72be1b is pointing into metadata
stack at sp + 4 slots: 0x0000000000000005 is an unknown value
stack at sp + 5 slots: 0x000002141a0b16b8 is pointing into metadata
stack at sp + 6 slots: 0x0000000643864750 is an oop: java.lang.Class 
{0x0000000643864750} - klass: 'java/lang/Class'
 - ---- fields (total size 14 words):
 - private volatile transient 'classRedefinedCount' 'I' @12  0 (0x00000000)
 - injected 'klass' 'J' @16  0 (0x0000000000000000)
 - injected 'array_klass' 'J' @24  0 (0x0000000000000000)
 - injected 'oop_size' 'I' @32  14 (0x0000000e)
 - injected 'static_oop_field_count' 'I' @36  0 (0x00000000)
 - private volatile transient 'cachedConstructor' 'Ljava/lang/reflect/Constructor;' @40  null (0x00000000)
 - private transient 'name' 'Ljava/lang/String;' @44  "void"{0x0000000643880aa8} (0xc8710155)
 - private transient 'module' 'Ljava/lang/Module;' @48  a 'java/lang/Module'{0x0000000643864e18} (0xc870c9c3)
 - private final 'classLoader' 'Ljava/lang/ClassLoader;' @52  null (0x00000000)
 - private transient 'classData' 'Ljava/lang/Object;' @56  null (0x00000000)
 - private transient 'packageName' 'Ljava/lang/String;' @60  null (0x00000000)
 - private final 'componentType' 'Ljava/lang/Class;' @64  null (0x00000000)
 - private volatile transient 'reflectionData' 'Ljava/lang/ref/SoftReference;' @68  a 'java/lang/ref/SoftReference'{0x000000064a2382f0} (0xc944705e)
 - private volatile transient 'genericInfo' 'Lsun/reflect/generics/repository/ClassRepository;' @72  null (0x00000000)
 - private volatile transient 'enumConstants' '[Ljava/lang/Object;' @76  null (0x00000000)
 - private volatile transient 'enumConstantDirectory' 'Ljava/util/Map;' @80  null (0x00000000)
 - private volatile transient 'annotationData' 'Ljava/lang/Class$AnnotationData;' @84  null (0x00000000)
 - private volatile transient 'annotationType' 'Lsun/reflect/annotation/AnnotationType;' @88  null (0x00000000)
 - transient 'classValueMap' 'Ljava/lang/ClassValue$ClassValueMap;' @92  null (0x00000000)
 - injected 'protection_domain' 'Ljava/lang/Object;' @96  null (0x00000000)
 - injected 'signers_name' 'Ljava/lang/Object;' @100  null (0x00000000)
 - injected 'source_file' 'Ljava/lang/Object;' @104  null (0x00000000)
 - injected '<init_lock>' 'Ljava/lang/Object;' @108  null (0x00000000)
 - signature: V
stack at sp + 7 slots: 0x0000000643877b28 is an oop: java.lang.Class 
{0x0000000643877b28} - klass: 'java/lang/Class'
 - ---- fields (total size 14 words):
 - private volatile transient 'classRedefinedCount' 'I' @12  0 (0x00000000)
 - injected 'klass' 'J' @16  2285359534736 (0x000002141a0b1290)
 - injected 'array_klass' 'J' @24  0 (0x0000000000000000)
 - injected 'oop_size' 'I' @32  14 (0x0000000e)
 - injected 'static_oop_field_count' 'I' @36  0 (0x00000000)
 - private volatile transient 'cachedConstructor' 'Ljava/lang/reflect/Constructor;' @40  null (0x00000000)
 - private transient 'name' 'Ljava/lang/String;' @44  "java.lang.invoke.DirectMethodHandle$Holder"{0x0000000643877b98} (0xc870ef73)
 - private transient 'module' 'Ljava/lang/Module;' @48  a 'java/lang/Module'{0x0000000643864e18} (0xc870c9c3)
 - private final 'classLoader' 'Ljava/lang/ClassLoader;' @52  null (0x00000000)
 - private transient 'classData' 'Ljava/lang/Object;' @56  null (0x00000000)
 - private transient 'packageName' 'Ljava/lang/String;' @60  null (0x00000000)
 - private final 'componentType' 'Ljava/lang/Class;' @64  null (0x00000000)
 - private volatile transient 'reflectionData' 'Ljava/lang/ref/SoftReference;' @68  null (0x00000000)
 - private volatile transient 'genericInfo' 'Lsun/reflect/generics/repository/ClassRepository;' @72  null (0x00000000)
 - private volatile transient 'enumConstants' '[Ljava/lang/Object;' @76  null (0x00000000)
 - private volatile transient 'enumConstantDirectory' 'Ljava/util/Map;' @80  null (0x00000000)
 - private volatile transient 'annotationData' 'Ljava/lang/Class$AnnotationData;' @84  null (0x00000000)
 - private volatile transient 'annotationType' 'Lsun/reflect/annotation/AnnotationType;' @88  null (0x00000000)
 - transient 'classValueMap' 'Ljava/lang/ClassValue$ClassValueMap;' @92  null (0x00000000)
 - injected 'protection_domain' 'Ljava/lang/Object;' @96  null (0x00000000)
 - injected 'signers_name' 'Ljava/lang/Object;' @100  null (0x00000000)
 - injected 'source_file' 'Ljava/lang/Object;' @104  null (0x00000000)
 - injected '<init_lock>' 'Ljava/lang/Object;' @108  null (0x00000000)
 - signature: Ljava/lang/invoke/DirectMethodHandle$Holder;
 - ---- static fields (0):

MethodHandle::interpreter_entry::_linkToVirtual [0x000002140a92ad63, 0x000002140a92adca] (103 bytes)
[MachCode]
  0x000002140a92ad63: 6666 660f | 1f84 0000 | 0000 0066 | 0f1f 8400 | 0000 0000 | 660f 1f84 | 0000 0000 | 0048 8b53 
  0x000002140a92ad83: 080f b752 | 2e48 8b0c | d458 5b50 | 448b 5108 | 49bb 0000 | 001a 1402 | 0000 4d03 | d34c 8b5b 
  0x000002140a92ada3: 104b 8b9c | dac0 0100 | 0048 85db | 0f84 1000 | 0000 4180 | bfe0 0500 | 0000 7403 | ff63 38ff 
  0x000002140a92adc3: 6350 e936 | 
[/MachCode]

---------------  P R O C E S S  ---------------

Threads class SMR info:
_java_thread_list=0x000002146184c690, length=54, elements={
0x000002145b1532c0, 0x000002145b153e20, 0x000002145b158cb0, 0x000002145b159710,
0x000002145b15a170, 0x000002145b15ee40, 0x000002145b1659f0, 0x000002145b336220,
0x000002145b33a7f0, 0x000002145b33af80, 0x000002145b3968c0, 0x000002145b3c1e40,
0x000002145b46ae20, 0x00000214605fee60, 0x0000021460eac150, 0x0000021460eac7e0,
0x0000021463bd61c0, 0x0000021463bd8290, 0x0000021463bd4e10, 0x0000021463bd6850,
0x00000214651c7a20, 0x00000214668a7a20, 0x00000214668b5940, 0x000002146b8eafe0,
0x000002146b8e9c30, 0x000002146b8efea0, 0x000002146b8f1f70, 0x000002146b8eeaf0,
0x000002146b8ef180, 0x000002146b8f39b0, 0x000002146b8f3320, 0x000002146b8f4d60,
0x000002146b8f18e0, 0x000002146b8f53f0, 0x000002146b8f2600, 0x000002146b8f5a80,
0x000002146b8f6110, 0x000002146b8f4040, 0x000002146b8f2c90, 0x000002146b8f67a0,
0x000002146b8f81e0, 0x000002146b8f6e30, 0x000002146b8f74c0, 0x00000214668b31e0,
0x000002146bfadf30, 0x000002146bfac4f0, 0x000002146bfae5c0, 0x000002146bfacb80,
0x000002146bfad8a0, 0x000002146bfb0690, 0x000002146bfaec50, 0x000002146bfaf2e0,
0x000002146bfad210, 0x000002146bfb3b10
}

Java Threads: ( => current thread )
  0x000002145b1532c0 JavaThread "Reference Handler"          daemon [_thread_blocked, id=6060, stack(0x00000083e5400000,0x00000083e5500000) (1024K)]
  0x000002145b153e20 JavaThread "Finalizer"                  daemon [_thread_blocked, id=4060, stack(0x00000083e5500000,0x00000083e5600000) (1024K)]
  0x000002145b158cb0 JavaThread "Signal Dispatcher"          daemon [_thread_blocked, id=8140, stack(0x00000083e5600000,0x00000083e5700000) (1024K)]
  0x000002145b159710 JavaThread "Attach Listener"            daemon [_thread_blocked, id=8920, stack(0x00000083e5700000,0x00000083e5800000) (1024K)]
  0x000002145b15a170 JavaThread "Service Thread"             daemon [_thread_blocked, id=14680, stack(0x00000083e5800000,0x00000083e5900000) (1024K)]
  0x000002145b15ee40 JavaThread "Monitor Deflation Thread"   daemon [_thread_blocked, id=16152, stack(0x00000083e5900000,0x00000083e5a00000) (1024K)]
  0x000002145b1659f0 JavaThread "C1 CompilerThread0"         daemon [_thread_blocked, id=24864, stack(0x00000083e5a00000,0x00000083e5b00000) (1024K)]
  0x000002145b336220 JavaThread "JDWP Transport Listener: dt_socket" daemon [_thread_blocked, id=28440, stack(0x00000083e5f00000,0x00000083e6000000) (1024K)]
  0x000002145b33a7f0 JavaThread "JDWP Event Helper Thread"   daemon [_thread_blocked, id=23676, stack(0x00000083e6000000,0x00000083e6100000) (1024K)]
  0x000002145b33af80 JavaThread "JDWP Command Reader"        daemon [_thread_in_native, id=19780, stack(0x00000083e6100000,0x00000083e6200000) (1024K)]
  0x000002145b3968c0 JavaThread "Common-Cleaner"             daemon [_thread_blocked, id=14164, stack(0x00000083e6200000,0x00000083e6300000) (1024K)]
  0x000002145b3c1e40 JavaThread "IntelliJ Suspend Helper"    daemon [_thread_blocked, id=23192, stack(0x00000083e6300000,0x00000083e6400000) (1024K)]
  0x000002145b46ae20 JavaThread "Notification Thread"        daemon [_thread_blocked, id=26392, stack(0x00000083e6400000,0x00000083e6500000) (1024K)]
  0x00000214605fee60 JavaThread "RMI TCP Accept-0"           daemon [_thread_in_native, id=8048, stack(0x00000083e6e00000,0x00000083e6f00000) (1024K)]
  0x0000021460eac150 JavaThread "RMI Scheduler(0)"           daemon [_thread_blocked, id=10284, stack(0x00000083e7900000,0x00000083e7a00000) (1024K)]
  0x0000021460eac7e0 JavaThread "Keep-Alive-Timer"           daemon [_thread_blocked, id=19996, stack(0x00000083e5d00000,0x00000083e5e00000) (1024K)]
  0x0000021463bd61c0 JavaThread "Catalina-utility-1"                [_thread_blocked, id=27508, stack(0x00000083e7b00000,0x00000083e7c00000) (1024K)]
  0x0000021463bd8290 JavaThread "Catalina-utility-2"                [_thread_blocked, id=20768, stack(0x00000083e7c00000,0x00000083e7d00000) (1024K)]
  0x0000021463bd4e10 JavaThread "container-0"                       [_thread_blocked, id=16132, stack(0x00000083e7d00000,0x00000083e7e00000) (1024K)]
  0x0000021463bd6850 JavaThread "mysql-cj-abandoned-connection-cleanup" daemon [_thread_blocked, id=17004, stack(0x00000083e7e00000,0x00000083e7f00000) (1024K)]
  0x00000214651c7a20 JavaThread "HikariPool-1 housekeeper"   daemon [_thread_blocked, id=25620, stack(0x00000083e7f00000,0x00000083e8000000) (1024K)]
  0x00000214668a7a20 JavaThread "spring.cloud.inetutils"     daemon [_thread_blocked, id=8472, stack(0x00000083e8100000,0x00000083e8200000) (1024K)]
  0x00000214668b5940 JavaThread "File Watcher"               daemon [_thread_blocked, id=9448, stack(0x00000083e8300000,0x00000083e8400000) (1024K)]
  0x000002146b8eafe0 JavaThread "AsyncResolver-bootstrap-0"  daemon [_thread_blocked, id=3504, stack(0x00000083e8400000,0x00000083e8500000) (1024K)]
  0x000002146b8e9c30 JavaThread "DiscoveryClient-0"          daemon [_thread_blocked, id=18196, stack(0x00000083e8500000,0x00000083e8600000) (1024K)]
  0x000002146b8efea0 JavaThread "DiscoveryClient-1"          daemon [_thread_blocked, id=28132, stack(0x00000083e8600000,0x00000083e8700000) (1024K)]
  0x000002146b8f1f70 JavaThread "DiscoveryClient-InstanceInfoReplicator-0" daemon [_thread_blocked, id=5312, stack(0x00000083e8700000,0x00000083e8800000) (1024K)]
  0x000002146b8eeaf0 JavaThread "http-nio-8085-exec-1"       daemon [_thread_blocked, id=8664, stack(0x00000083e8800000,0x00000083e8900000) (1024K)]
  0x000002146b8ef180 JavaThread "http-nio-8085-exec-2"       daemon [_thread_blocked, id=13588, stack(0x00000083e8900000,0x00000083e8a00000) (1024K)]
  0x000002146b8f39b0 JavaThread "http-nio-8085-exec-3"       daemon [_thread_blocked, id=13180, stack(0x00000083e8a00000,0x00000083e8b00000) (1024K)]
  0x000002146b8f3320 JavaThread "http-nio-8085-exec-4"       daemon [_thread_blocked, id=10308, stack(0x00000083e8b00000,0x00000083e8c00000) (1024K)]
  0x000002146b8f4d60 JavaThread "http-nio-8085-exec-5"       daemon [_thread_blocked, id=26508, stack(0x00000083e8c00000,0x00000083e8d00000) (1024K)]
  0x000002146b8f18e0 JavaThread "http-nio-8085-exec-6"       daemon [_thread_blocked, id=9880, stack(0x00000083e8d00000,0x00000083e8e00000) (1024K)]
  0x000002146b8f53f0 JavaThread "http-nio-8085-exec-7"       daemon [_thread_blocked, id=14760, stack(0x00000083e8e00000,0x00000083e8f00000) (1024K)]
  0x000002146b8f2600 JavaThread "http-nio-8085-exec-8"       daemon [_thread_blocked, id=21264, stack(0x00000083e8f00000,0x00000083e9000000) (1024K)]
  0x000002146b8f5a80 JavaThread "http-nio-8085-exec-9"       daemon [_thread_blocked, id=7428, stack(0x00000083e9000000,0x00000083e9100000) (1024K)]
  0x000002146b8f6110 JavaThread "http-nio-8085-exec-10"      daemon [_thread_blocked, id=16604, stack(0x00000083e9100000,0x00000083e9200000) (1024K)]
  0x000002146b8f4040 JavaThread "http-nio-8085-Poller"       daemon [_thread_in_native, id=1144, stack(0x00000083e9200000,0x00000083e9300000) (1024K)]
  0x000002146b8f2c90 JavaThread "http-nio-8085-Acceptor"     daemon [_thread_in_native, id=10872, stack(0x00000083e9300000,0x00000083e9400000) (1024K)]
  0x000002146b8f67a0 JavaThread "AMQP Connection 127.0.0.1:5672"        [_thread_in_native, id=17416, stack(0x00000083e9400000,0x00000083e9500000) (1024K)]
  0x000002146b8f81e0 JavaThread "pool-1-thread-2"                   [_thread_blocked, id=22320, stack(0x00000083e9500000,0x00000083e9600000) (1024K)]
  0x000002146b8f6e30 JavaThread "org.springframework.amqp.rabbit.RabbitListenerEndpointContainer#0-1"        [_thread_blocked, id=22092, stack(0x00000083e9600000,0x00000083e9700000) (1024K)]
  0x000002146b8f74c0 JavaThread "pool-1-thread-3"                   [_thread_blocked, id=17724, stack(0x00000083e9700000,0x00000083e9800000) (1024K)]
  0x00000214668b31e0 JavaThread "org.springframework.amqp.rabbit.RabbitListenerEndpointContainer#1-1"        [_thread_blocked, id=26712, stack(0x00000083e9800000,0x00000083e9900000) (1024K)]
  0x000002146bfadf30 JavaThread "pool-1-thread-4"                   [_thread_blocked, id=28112, stack(0x00000083e9900000,0x00000083e9a00000) (1024K)]
=>0x000002146bfac4f0 JavaThread "org.springframework.amqp.rabbit.RabbitListenerEndpointContainer#2-1"        [_thread_in_Java, id=23400, stack(0x00000083e9a00000,0x00000083e9b00000) (1024K)]
  0x000002146bfae5c0 JavaThread "pool-1-thread-5"                   [_thread_blocked, id=10984, stack(0x00000083e9b00000,0x00000083e9c00000) (1024K)]
  0x000002146bfacb80 JavaThread "org.springframework.amqp.rabbit.RabbitListenerEndpointContainer#3-1"        [_thread_blocked, id=12992, stack(0x00000083e9c00000,0x00000083e9d00000) (1024K)]
  0x000002146bfad8a0 JavaThread "pool-1-thread-6"                   [_thread_blocked, id=28552, stack(0x00000083e9d00000,0x00000083e9e00000) (1024K)]
  0x000002146bfb0690 JavaThread "DestroyJavaVM"                     [_thread_blocked, id=21756, stack(0x00000083e4c00000,0x00000083e4d00000) (1024K)]
  0x000002146bfaec50 JavaThread "RMI TCP Connection(idle)"   daemon [_thread_blocked, id=20352, stack(0x00000083e7300000,0x00000083e7400000) (1024K)]
  0x000002146bfaf2e0 JavaThread "pool-1-thread-7"                   [_thread_blocked, id=12816, stack(0x00000083e8000000,0x00000083e8100000) (1024K)]
  0x000002146bfad210 JavaThread "DiscoveryClient-CacheRefreshExecutor-0" daemon [_thread_blocked, id=13320, stack(0x00000083e4900000,0x00000083e4a00000) (1024K)]
  0x000002146bfb3b10 JavaThread "DiscoveryClient-HeartbeatExecutor-0" daemon [_thread_blocked, id=11304, stack(0x00000083e4a00000,0x00000083e4b00000) (1024K)]
Total: 54

Other Threads:
  0x000002145b133d40 VMThread "VM Thread"                           [id=12340, stack(0x00000083e5300000,0x00000083e5400000) (1024K)]
  0x000002145b120630 WatcherThread "VM Periodic Task Thread"        [id=22016, stack(0x00000083e5200000,0x00000083e5300000) (1024K)]
  0x0000021401759420 WorkerThread "GC Thread#0"                     [id=20172, stack(0x00000083e4d00000,0x00000083e4e00000) (1024K)]
  0x0000021460245ea0 WorkerThread "GC Thread#1"                     [id=9284, stack(0x00000083e6500000,0x00000083e6600000) (1024K)]
  0x000002146025c0b0 WorkerThread "GC Thread#2"                     [id=11984, stack(0x00000083e6600000,0x00000083e6700000) (1024K)]
  0x0000021460269760 WorkerThread "GC Thread#3"                     [id=16112, stack(0x00000083e6700000,0x00000083e6800000) (1024K)]
  0x0000021460269f20 WorkerThread "GC Thread#4"                     [id=10556, stack(0x00000083e6800000,0x00000083e6900000) (1024K)]
  0x0000021460271350 WorkerThread "GC Thread#5"                     [id=23664, stack(0x00000083e6900000,0x00000083e6a00000) (1024K)]
  0x0000021460273b20 WorkerThread "GC Thread#6"                     [id=20284, stack(0x00000083e6a00000,0x00000083e6b00000) (1024K)]
  0x00000214602742e0 WorkerThread "GC Thread#7"                     [id=27036, stack(0x00000083e6b00000,0x00000083e6c00000) (1024K)]
  0x0000021460278eb0 WorkerThread "GC Thread#8"                     [id=9364, stack(0x00000083e6c00000,0x00000083e6d00000) (1024K)]
  0x0000021460279470 WorkerThread "GC Thread#9"                     [id=29420, stack(0x00000083e6d00000,0x00000083e6e00000) (1024K)]
  0x00000214604366f0 WorkerThread "GC Thread#10"                    [id=25324, stack(0x00000083e6f00000,0x00000083e7000000) (1024K)]
  0x0000021460436e50 WorkerThread "GC Thread#11"                    [id=12920, stack(0x00000083e7000000,0x00000083e7100000) (1024K)]
  0x0000021460435480 WorkerThread "GC Thread#12"                    [id=9664, stack(0x00000083e7100000,0x00000083e7200000) (1024K)]
  0x0000021401768210 ConcurrentGCThread "G1 Main Marker"            [id=24712, stack(0x00000083e4e00000,0x00000083e4f00000) (1024K)]
  0x000002140176dce0 WorkerThread "G1 Conc#0"                       [id=16712, stack(0x00000083e4f00000,0x00000083e5000000) (1024K)]
  0x0000021460ee5a00 WorkerThread "G1 Conc#1"                       [id=11640, stack(0x00000083e7400000,0x00000083e7500000) (1024K)]
  0x0000021460ee4ef0 WorkerThread "G1 Conc#2"                       [id=26324, stack(0x00000083e7500000,0x00000083e7600000) (1024K)]
  0x0000021401842200 ConcurrentGCThread "G1 Refine#0"               [id=24732, stack(0x00000083e5000000,0x00000083e5100000) (1024K)]
  0x0000021401842b30 ConcurrentGCThread "G1 Service"                [id=15824, stack(0x00000083e5100000,0x00000083e5200000) (1024K)]
Total: 21

Threads with active compile tasks:
Total: 0

VM state: not at safepoint (normal execution)

VM Mutex/Monitor currently owned by a thread: None

Heap address: 0x0000000643400000, size: 7116 MB, Compressed Oops mode: Zero based, Oop shift amount: 3

CDS archive(s) mapped at: [0x000002141a000000-0x000002141ac90000-0x000002141ac90000), size 13172736, SharedBaseAddress: 0x000002141a000000, ArchiveRelocationMode: 1.
Compressed class space mapped at: 0x000002141b000000-0x000002145b000000, reserved size: 1073741824
Narrow klass base: 0x000002141a000000, Narrow klass shift: 0, Narrow klass range: 0x100000000

GC Precious Log:
 CardTable entry size: 512
 Card Set container configuration: InlinePtr #cards 4 size 8 Array Of Cards #cards 32 size 80 Howl #buckets 8 coarsen threshold 7372 Howl Bitmap #cards 1024 size 144 coarsen threshold 921 Card regions per heap region 1 cards per card region 8192
 CPUs: 16 total, 16 available
 Memory: 28458M
 Large Page Support: Disabled
 NUMA Support: Disabled
 Compressed Oops: Enabled (Zero based)
 Heap Region Size: 4M
 Heap Min Capacity: 8M
 Heap Initial Capacity: 448M
 Heap Max Capacity: 7116M
 Pre-touch: Disabled
 Parallel Workers: 13
 Concurrent Workers: 3
 Concurrent Refinement Workers: 13
 Periodic GC: Disabled

Heap:
 garbage-first heap   total 151552K, used 89994K [0x0000000643400000, 0x0000000800000000)
  region size 4096K, 13 young (53248K), 3 survivors (12288K)
 Metaspace       used 90313K, committed 91392K, reserved 1179648K
  class space    used 12541K, committed 13056K, reserved 1048576K

Heap Regions: E=young(eden), S=young(survivor), O=old, HS=humongous(starts), HC=humongous(continues), CS=collection set, F=free, TAMS=top-at-mark-start, PB=parsable bottom
|   0|0x0000000643400000, 0x0000000643800000, 0x0000000643800000|100%| O|  |TAMS 0x0000000643400000| PB 0x0000000643400000| Untracked 
|   1|0x0000000643800000, 0x0000000643c00000, 0x0000000643c00000|100%| O|  |TAMS 0x0000000643800000| PB 0x0000000643800000| Untracked 
|   2|0x0000000643c00000, 0x0000000644000000, 0x0000000644000000|100%| O|  |TAMS 0x0000000643c00000| PB 0x0000000643c00000| Untracked 
|   3|0x0000000644000000, 0x0000000644400000, 0x0000000644400000|100%| O|  |TAMS 0x0000000644000000| PB 0x0000000644000000| Untracked 
|   4|0x0000000644400000, 0x0000000644800000, 0x0000000644800000|100%| O|  |TAMS 0x0000000644400000| PB 0x0000000644400000| Untracked 
|   5|0x0000000644800000, 0x0000000644c00000, 0x0000000644c00000|100%| O|Cm|TAMS 0x0000000644800000| PB 0x0000000644800000| Complete 
|   6|0x0000000644c00000, 0x0000000645000000, 0x0000000645000000|100%| O|  |TAMS 0x0000000644c00000| PB 0x0000000644c00000| Untracked 
|   7|0x0000000645000000, 0x0000000645400000, 0x0000000645400000|100%| O|  |TAMS 0x0000000645000000| PB 0x0000000645000000| Untracked 
|   8|0x0000000645400000, 0x0000000645800000, 0x0000000645800000|100%| O|  |TAMS 0x0000000645400000| PB 0x0000000645400000| Untracked 
|   9|0x0000000645800000, 0x0000000645c00000, 0x0000000645c00000|100%| O|  |TAMS 0x0000000645800000| PB 0x0000000645800000| Untracked 
|  10|0x0000000645c00000, 0x0000000645e37b40, 0x0000000646000000| 55%| O|  |TAMS 0x0000000645c00000| PB 0x0000000645c00000| Untracked 
|  11|0x0000000646000000, 0x0000000646000000, 0x0000000646400000|  0%| F|  |TAMS 0x0000000646000000| PB 0x0000000646000000| Untracked 
|  12|0x0000000646400000, 0x0000000646400000, 0x0000000646800000|  0%| F|  |TAMS 0x0000000646400000| PB 0x0000000646400000| Untracked 
|  13|0x0000000646800000, 0x0000000646800000, 0x0000000646c00000|  0%| F|  |TAMS 0x0000000646800000| PB 0x0000000646800000| Untracked 
|  14|0x0000000646c00000, 0x0000000646c00000, 0x0000000647000000|  0%| F|  |TAMS 0x0000000646c00000| PB 0x0000000646c00000| Untracked 
|  15|0x0000000647000000, 0x0000000647000000, 0x0000000647400000|  0%| F|  |TAMS 0x0000000647000000| PB 0x0000000647000000| Untracked 
|  16|0x0000000647400000, 0x0000000647400000, 0x0000000647800000|  0%| F|  |TAMS 0x0000000647400000| PB 0x0000000647400000| Untracked 
|  17|0x0000000647800000, 0x0000000647800000, 0x0000000647c00000|  0%| F|  |TAMS 0x0000000647800000| PB 0x0000000647800000| Untracked 
|  18|0x0000000647c00000, 0x0000000647c00000, 0x0000000648000000|  0%| F|  |TAMS 0x0000000647c00000| PB 0x0000000647c00000| Untracked 
|  19|0x0000000648000000, 0x0000000648000000, 0x0000000648400000|  0%| F|  |TAMS 0x0000000648000000| PB 0x0000000648000000| Untracked 
|  20|0x0000000648400000, 0x00000006485ab008, 0x0000000648800000| 41%| S|CS|TAMS 0x0000000648400000| PB 0x0000000648400000| Complete 
|  21|0x0000000648800000, 0x0000000648c00000, 0x0000000648c00000|100%| S|CS|TAMS 0x0000000648800000| PB 0x0000000648800000| Complete 
|  22|0x0000000648c00000, 0x0000000649000000, 0x0000000649000000|100%| S|CS|TAMS 0x0000000648c00000| PB 0x0000000648c00000| Complete 
|  23|0x0000000649000000, 0x0000000649000000, 0x0000000649400000|  0%| F|  |TAMS 0x0000000649000000| PB 0x0000000649000000| Untracked 
|  24|0x0000000649400000, 0x0000000649400000, 0x0000000649800000|  0%| F|  |TAMS 0x0000000649400000| PB 0x0000000649400000| Untracked 
|  25|0x0000000649800000, 0x0000000649800000, 0x0000000649c00000|  0%| F|  |TAMS 0x0000000649800000| PB 0x0000000649800000| Untracked 
|  26|0x0000000649c00000, 0x0000000649c00000, 0x000000064a000000|  0%| F|  |TAMS 0x0000000649c00000| PB 0x0000000649c00000| Untracked 
|  27|0x000000064a000000, 0x000000064a34d380, 0x000000064a400000| 82%| E|  |TAMS 0x000000064a000000| PB 0x000000064a000000| Complete 
|  28|0x000000064a400000, 0x000000064a800000, 0x000000064a800000|100%| E|CS|TAMS 0x000000064a400000| PB 0x000000064a400000| Complete 
|  29|0x000000064a800000, 0x000000064ac00000, 0x000000064ac00000|100%| E|CS|TAMS 0x000000064a800000| PB 0x000000064a800000| Complete 
|  30|0x000000064ac00000, 0x000000064b000000, 0x000000064b000000|100%| E|CS|TAMS 0x000000064ac00000| PB 0x000000064ac00000| Complete 
|  31|0x000000064b000000, 0x000000064b400000, 0x000000064b400000|100%| E|CS|TAMS 0x000000064b000000| PB 0x000000064b000000| Complete 
|  32|0x000000064b400000, 0x000000064b800000, 0x000000064b800000|100%| E|CS|TAMS 0x000000064b400000| PB 0x000000064b400000| Complete 
|  33|0x000000064b800000, 0x000000064bc00000, 0x000000064bc00000|100%| E|CS|TAMS 0x000000064b800000| PB 0x000000064b800000| Complete 
|  46|0x000000064ec00000, 0x000000064f000000, 0x000000064f000000|100%| E|CS|TAMS 0x000000064ec00000| PB 0x000000064ec00000| Complete 
|  47|0x000000064f000000, 0x000000064f400000, 0x000000064f400000|100%| E|CS|TAMS 0x000000064f000000| PB 0x000000064f000000| Complete 
| 111|0x000000065f000000, 0x000000065f400000, 0x000000065f400000|100%| E|CS|TAMS 0x000000065f000000| PB 0x000000065f000000| Complete 

Card table byte_map: [0x000002140f180000,0x000002140ff70000] _byte_map_base: 0x000002140bf66000

Marking Bits: (CMBitMap*) 0x0000021401759a40
 Bits: [0x000002140ff70000, 0x0000021416ea0000)

Polling page: 0x0000021401410000

Metaspace:

Usage:
  Non-class:     75.95 MB used.
      Class:     12.25 MB used.
       Both:     88.20 MB used.

Virtual space:
  Non-class space:      128.00 MB reserved,      76.50 MB ( 60%) committed,  2 nodes.
      Class space:        1.00 GB reserved,      12.75 MB (  1%) committed,  1 nodes.
             Both:        1.12 GB reserved,      89.25 MB (  8%) committed. 

Chunk freelists:
   Non-Class:  3.47 MB
       Class:  3.24 MB
        Both:  6.71 MB

MaxMetaspaceSize: unlimited
CompressedClassSpaceSize: 1.00 GB
Initial GC threshold: 21.00 MB
Current GC threshold: 143.12 MB
CDS: on
 - commit_granule_bytes: 65536.
 - commit_granule_words: 8192.
 - virtual_space_node_default_size: 8388608.
 - enlarge_chunks_in_place: 1.
 - use_allocation_guard: 0.


Internal statistics:

num_allocs_failed_limit: 15.
num_arena_births: 1570.
num_arena_deaths: 0.
num_vsnodes_births: 3.
num_vsnodes_deaths: 0.
num_space_committed: 1428.
num_space_uncommitted: 0.
num_chunks_returned_to_freelist: 15.
num_chunks_taken_from_freelist: 4698.
num_chunk_merges: 15.
num_chunk_splits: 3293.
num_chunks_enlarged: 2477.
num_inconsistent_stats: 0.

CodeCache: size=49152Kb used=18597Kb max_used=21292Kb free=30554Kb
 bounds [0x000002140a8f0000, 0x000002140bdc0000, 0x000002140d8f0000]
 total_blobs=8530 nmethods=7767 adapters=686
 compilation: enabled
              stopped_count=0, restarted_count=0
 full_count=0

Compilation events (20 events):
Event: 107.287 Thread 0x000002145b1659f0 8409       1       java.util.concurrent.ThreadPoolExecutor::workerCountOf (5 bytes)
Event: 107.287 Thread 0x000002145b1659f0 nmethod 8409 0x000002140ab89b10 code [0x000002140ab89ca0, 0x000002140ab89d50]
Event: 107.287 Thread 0x000002145b1659f0 8410       1       java.util.concurrent.ThreadPoolExecutor::isShutdown (12 bytes)
Event: 107.287 Thread 0x000002145b1659f0 nmethod 8410 0x000002140ab89790 code [0x000002140ab89920, 0x000002140ab89a08]
Event: 107.287 Thread 0x000002145b1659f0 8411       1       java.util.concurrent.ScheduledThreadPoolExecutor$ScheduledFutureTask::compareTo (9 bytes)
Event: 107.287 Thread 0x000002145b1659f0 nmethod 8411 0x000002140ab89390 code [0x000002140ab89540, 0x000002140ab89690]
Event: 107.287 Thread 0x000002145b1659f0 8412       1       java.util.concurrent.ScheduledThreadPoolExecutor$ScheduledFutureTask::compareTo (101 bytes)
Event: 107.287 Thread 0x000002145b1659f0 nmethod 8412 0x000002140ab88910 code [0x000002140ab88b00, 0x000002140ab88f70]
Event: 107.287 Thread 0x000002145b1659f0 8413       1       java.util.concurrent.locks.ReentrantLock$NonfairSync::tryAcquire (27 bytes)
Event: 107.288 Thread 0x000002145b1659f0 nmethod 8413 0x000002140ab88490 code [0x000002140ab88640, 0x000002140ab887c8]
Event: 107.288 Thread 0x000002145b1659f0 8414       1       java.util.concurrent.locks.LockSupport::setBlocker (12 bytes)
Event: 107.288 Thread 0x000002145b1659f0 nmethod 8414 0x000002140ab88110 code [0x000002140ab882a0, 0x000002140ab883b0]
Event: 107.288 Thread 0x000002145b1659f0 8415       1       java.util.concurrent.ScheduledThreadPoolExecutor::canRunInCurrentRunState (61 bytes)
Event: 107.289 Thread 0x000002145b1659f0 nmethod 8415 0x000002140ab87810 code [0x000002140ab879e0, 0x000002140ab87cb0]
Event: 107.289 Thread 0x000002145b1659f0 8416       1       java.util.concurrent.locks.AbstractQueuedSynchronizer::acquire (20 bytes)
Event: 107.289 Thread 0x000002145b1659f0 nmethod 8416 0x000002140ab87390 code [0x000002140ab87540, 0x000002140ab876b0]
Event: 107.290 Thread 0x000002145b1659f0 8417       1       java.util.concurrent.ThreadPoolExecutor::getQueue (5 bytes)
Event: 107.290 Thread 0x000002145b1659f0 nmethod 8417 0x000002140ab87090 code [0x000002140ab87220, 0x000002140ab872f0]
Event: 107.290 Thread 0x000002145b1659f0 8418       1       java.util.concurrent.locks.AbstractQueuedSynchronizer$ConditionObject::canReacquire (38 bytes)
Event: 107.290 Thread 0x000002145b1659f0 nmethod 8418 0x000002140ab86b10 code [0x000002140ab86ca0, 0x000002140ab86e10]

GC Heap History (20 events):
Event: 2.648 GC heap before
{Heap before GC invocations=9 (full 0):
 garbage-first heap   total 69632K, used 48936K [0x0000000643400000, 0x0000000800000000)
  region size 4096K, 10 young (40960K), 2 survivors (8192K)
 Metaspace       used 30681K, committed 31168K, reserved 1114112K
  class space    used 3734K, committed 3968K, reserved 1048576K
}
Event: 2.652 GC heap after
{Heap after GC invocations=10 (full 0):
 garbage-first heap   total 69632K, used 18808K [0x0000000643400000, 0x0000000800000000)
  region size 4096K, 2 young (8192K), 2 survivors (8192K)
 Metaspace       used 30681K, committed 31168K, reserved 1114112K
  class space    used 3734K, committed 3968K, reserved 1048576K
}
Event: 2.827 GC heap before
{Heap before GC invocations=10 (full 0):
 garbage-first heap   total 69632K, used 51576K [0x0000000643400000, 0x0000000800000000)
  region size 4096K, 10 young (40960K), 2 survivors (8192K)
 Metaspace       used 32306K, committed 32768K, reserved 1114112K
  class space    used 3966K, committed 4160K, reserved 1048576K
}
Event: 2.830 GC heap after
{Heap after GC invocations=11 (full 0):
 garbage-first heap   total 266240K, used 20317K [0x0000000643400000, 0x0000000800000000)
  region size 4096K, 2 young (8192K), 2 survivors (8192K)
 Metaspace       used 32306K, committed 32768K, reserved 1114112K
  class space    used 3966K, committed 4160K, reserved 1048576K
}
Event: 3.290 GC heap before
{Heap before GC invocations=11 (full 0):
 garbage-first heap   total 266240K, used 81757K [0x0000000643400000, 0x0000000800000000)
  region size 4096K, 18 young (73728K), 2 survivors (8192K)
 Metaspace       used 37869K, committed 38400K, reserved 1114112K
  class space    used 4811K, committed 5056K, reserved 1048576K
}
Event: 3.294 GC heap after
{Heap after GC invocations=12 (full 0):
 garbage-first heap   total 266240K, used 24486K [0x0000000643400000, 0x0000000800000000)
  region size 4096K, 3 young (12288K), 3 survivors (12288K)
 Metaspace       used 37869K, committed 38400K, reserved 1114112K
  class space    used 4811K, committed 5056K, reserved 1048576K
}
Event: 3.740 GC heap before
{Heap before GC invocations=13 (full 0):
 garbage-first heap   total 110592K, used 102310K [0x0000000643400000, 0x0000000800000000)
  region size 4096K, 23 young (94208K), 3 survivors (12288K)
 Metaspace       used 45560K, committed 46144K, reserved 1114112K
  class space    used 5875K, committed 6144K, reserved 1048576K
}
Event: 3.745 GC heap after
{Heap after GC invocations=14 (full 0):
 garbage-first heap   total 126976K, used 31481K [0x0000000643400000, 0x0000000800000000)
  region size 4096K, 4 young (16384K), 4 survivors (16384K)
 Metaspace       used 45560K, committed 46144K, reserved 1114112K
  class space    used 5875K, committed 6144K, reserved 1048576K
}
Event: 4.092 GC heap before
{Heap before GC invocations=14 (full 0):
 garbage-first heap   total 126976K, used 88825K [0x0000000643400000, 0x0000000800000000)
  region size 4096K, 18 young (73728K), 4 survivors (16384K)
 Metaspace       used 51587K, committed 52288K, reserved 1114112K
  class space    used 6754K, committed 7040K, reserved 1048576K
}
Event: 4.097 GC heap after
{Heap after GC invocations=15 (full 0):
 garbage-first heap   total 126976K, used 32782K [0x0000000643400000, 0x0000000800000000)
  region size 4096K, 3 young (12288K), 3 survivors (12288K)
 Metaspace       used 51587K, committed 52288K, reserved 1114112K
  class space    used 6754K, committed 7040K, reserved 1048576K
}
Event: 4.531 GC heap before
{Heap before GC invocations=15 (full 0):
 garbage-first heap   total 126976K, used 81934K [0x0000000643400000, 0x0000000800000000)
  region size 4096K, 16 young (65536K), 3 survivors (12288K)
 Metaspace       used 63668K, committed 64320K, reserved 1114112K
  class space    used 8361K, committed 8640K, reserved 1048576K
}
Event: 4.534 GC heap after
{Heap after GC invocations=16 (full 0):
 garbage-first heap   total 155648K, used 35987K [0x0000000643400000, 0x0000000800000000)
  region size 4096K, 2 young (8192K), 2 survivors (8192K)
 Metaspace       used 63668K, committed 64320K, reserved 1114112K
  class space    used 8361K, committed 8640K, reserved 1048576K
}
Event: 5.136 GC heap before
{Heap before GC invocations=17 (full 0):
 garbage-first heap   total 151552K, used 117907K [0x0000000643400000, 0x0000000800000000)
  region size 4096K, 22 young (90112K), 2 survivors (8192K)
 Metaspace       used 75050K, committed 75776K, reserved 1114112K
  class space    used 10110K, committed 10432K, reserved 1048576K
}
Event: 5.140 GC heap after
{Heap after GC invocations=18 (full 0):
 garbage-first heap   total 151552K, used 39779K [0x0000000643400000, 0x0000000800000000)
  region size 4096K, 3 young (12288K), 3 survivors (12288K)
 Metaspace       used 75050K, committed 75776K, reserved 1114112K
  class space    used 10110K, committed 10432K, reserved 1048576K
}
Event: 5.605 GC heap before
{Heap before GC invocations=18 (full 0):
 garbage-first heap   total 151552K, used 117603K [0x0000000643400000, 0x0000000800000000)
  region size 4096K, 22 young (90112K), 3 survivors (12288K)
 Metaspace       used 79440K, committed 80192K, reserved 1179648K
  class space    used 10793K, committed 11136K, reserved 1048576K
}
Event: 5.609 GC heap after
{Heap after GC invocations=19 (full 0):
 garbage-first heap   total 151552K, used 44274K [0x0000000643400000, 0x0000000800000000)
  region size 4096K, 3 young (12288K), 3 survivors (12288K)
 Metaspace       used 79440K, committed 80192K, reserved 1179648K
  class space    used 10793K, committed 11136K, reserved 1048576K
}
Event: 6.060 GC heap before
{Heap before GC invocations=19 (full 0):
 garbage-first heap   total 151552K, used 122098K [0x0000000643400000, 0x0000000800000000)
  region size 4096K, 22 young (90112K), 3 survivors (12288K)
 Metaspace       used 82518K, committed 83392K, reserved 1179648K
  class space    used 11319K, committed 11712K, reserved 1048576K
}
Event: 6.064 GC heap after
{Heap after GC invocations=20 (full 0):
 garbage-first heap   total 151552K, used 49176K [0x0000000643400000, 0x0000000800000000)
  region size 4096K, 3 young (12288K), 3 survivors (12288K)
 Metaspace       used 82518K, committed 83392K, reserved 1179648K
  class space    used 11319K, committed 11712K, reserved 1048576K
}
Event: 6.405 GC heap before
{Heap before GC invocations=20 (full 0):
 garbage-first heap   total 151552K, used 102424K [0x0000000643400000, 0x0000000800000000)
  region size 4096K, 17 young (69632K), 3 survivors (12288K)
 Metaspace       used 86796K, committed 87680K, reserved 1179648K
  class space    used 11968K, committed 12352K, reserved 1048576K
}
Event: 6.409 GC heap after
{Heap after GC invocations=21 (full 0):
 garbage-first heap   total 151552K, used 53130K [0x0000000643400000, 0x0000000800000000)
  region size 4096K, 3 young (12288K), 3 survivors (12288K)
 Metaspace       used 86796K, committed 87680K, reserved 1179648K
  class space    used 11968K, committed 12352K, reserved 1048576K
}

Dll operation events (12 events):
Event: 0.012 Loaded shared library C:\Program Files\Java\jdk-21.0.10\bin\java.dll
Event: 0.013 Loaded shared library C:\Program Files\Java\jdk-21.0.10\bin\zip.dll
Event: 0.102 Loaded shared library C:\Program Files\Java\jdk-21.0.10\bin\instrument.dll
Event: 0.134 Loaded shared library C:\Program Files\Java\jdk-21.0.10\bin\jimage.dll
Event: 0.143 Loaded shared library C:\Program Files\Java\jdk-21.0.10\bin\net.dll
Event: 0.144 Loaded shared library C:\Program Files\Java\jdk-21.0.10\bin\nio.dll
Event: 0.151 Loaded shared library C:\Program Files\Java\jdk-21.0.10\bin\zip.dll
Event: 0.228 Loaded shared library C:\Program Files\Java\jdk-21.0.10\bin\management.dll
Event: 0.241 Loaded shared library C:\Program Files\Java\jdk-21.0.10\bin\management_ext.dll
Event: 0.408 Loaded shared library C:\Program Files\Java\jdk-21.0.10\bin\extnet.dll
Event: 2.307 Loaded shared library C:\Program Files\Java\jdk-21.0.10\bin\sunmscapi.dll
Event: 4.098 Loaded shared library C:\Program Files\Java\jdk-21.0.10\bin\verify.dll

Deoptimization events (20 events):
Event: 30.971 Thread 0x000002146b8f67a0 DEOPT PACKING pc=0x000002140ae3dc1c sp=0x00000083e94fed90
Event: 30.971 Thread 0x000002146b8f67a0 DEOPT UNPACKING pc=0x000002140a9488e2 sp=0x00000083e94fe248 mode 1
Event: 30.971 Thread 0x000002146b8f67a0 DEOPT PACKING pc=0x000002140acb5664 sp=0x00000083e94fee40
Event: 30.971 Thread 0x000002146b8f67a0 DEOPT UNPACKING pc=0x000002140a9488e2 sp=0x00000083e94fe380 mode 1
Event: 30.971 Thread 0x000002146b8f67a0 DEOPT PACKING pc=0x000002140b50555c sp=0x00000083e94fef60
Event: 30.971 Thread 0x000002146b8f67a0 DEOPT UNPACKING pc=0x000002140a9488e2 sp=0x00000083e94fe4a8 mode 1
Event: 30.971 Thread 0x000002146b8f67a0 DEOPT PACKING pc=0x000002140ae3ed34 sp=0x00000083e94ff080
Event: 30.971 Thread 0x000002146b8f67a0 DEOPT UNPACKING pc=0x000002140a9488e2 sp=0x00000083e94fe528 mode 1
Event: 30.971 Thread 0x000002146b8f67a0 DEOPT PACKING pc=0x000002140aceb9fc sp=0x00000083e94ff0e0
Event: 30.971 Thread 0x000002146b8f67a0 DEOPT UNPACKING pc=0x000002140a9488e2 sp=0x00000083e94fe598 mode 1
Event: 30.971 Thread 0x000002146b8f67a0 DEOPT PACKING pc=0x000002140b7fdf54 sp=0x00000083e94ff160
Event: 30.971 Thread 0x000002146b8f67a0 DEOPT UNPACKING pc=0x000002140a9488e2 sp=0x00000083e94fe678 mode 1
Event: 30.971 Thread 0x000002146b8f67a0 DEOPT PACKING pc=0x000002140b1bda1c sp=0x00000083e94ff230
Event: 30.971 Thread 0x000002146b8f67a0 DEOPT UNPACKING pc=0x000002140a9488e2 sp=0x00000083e94fe700 mode 1
Event: 30.971 Thread 0x000002146b8f67a0 DEOPT PACKING pc=0x000002140b1bcbec sp=0x00000083e94ff2a0
Event: 30.971 Thread 0x000002146b8f67a0 DEOPT UNPACKING pc=0x000002140a9488e2 sp=0x00000083e94fe808 mode 1
Event: 30.971 Thread 0x000002146b8f67a0 DEOPT PACKING pc=0x000002140ae002bc sp=0x00000083e94ff3c0
Event: 30.971 Thread 0x000002146b8f67a0 DEOPT UNPACKING pc=0x000002140a9488e2 sp=0x00000083e94fe870 mode 1
Event: 61.178 Thread 0x000002146bfac4f0 DEOPT PACKING pc=0x000002140bc330bc sp=0x00000083e9afe240
Event: 61.178 Thread 0x000002146bfac4f0 DEOPT UNPACKING pc=0x000002140a9488e2 sp=0x00000083e9afd6e8 mode 0

Classes loaded (20 events):
Event: 14.216 Loading class org/springframework/messaging/support/MessageHeaderAccessor$MutableMessageHeaders
Event: 14.216 Loading class org/springframework/messaging/support/MessageHeaderAccessor$MutableMessageHeaders done
Event: 14.216 Loading class org/springframework/messaging/support/MessageHeaderAccessor
Event: 14.216 Loading class org/springframework/messaging/support/MessageHeaderAccessor done
Event: 14.216 Loading class org/springframework/messaging/support/GenericMessage
Event: 14.216 Loading class org/springframework/messaging/support/GenericMessage done
Event: 14.217 Loading class org/springframework/amqp/rabbit/listener/adapter/InvocationResult
Event: 14.217 Loading class org/springframework/amqp/rabbit/listener/adapter/InvocationResult done
Event: 14.217 Loading class com/quizguru/generates/consumer/dto/request/GenerateVocabByListRequest
Event: 14.217 Loading class com/quizguru/generates/consumer/dto/request/GenerateVocabByListRequest done
Event: 14.499 Loading class com/intellij/rt/debugger/BatchEvaluatorServer
Event: 14.499 Loading class com/intellij/rt/debugger/BatchEvaluatorServer done
Event: 14.641 Loading class com/quizguru/generates/dto/request/ResponseFormat
Event: 14.641 Loading class com/quizguru/generates/dto/request/ResponseFormat done
Event: 48.563 Loading class com/quizguru/generates/consumer/dto/request/GenerateVocabByListRequest
Event: 48.563 Loading class com/quizguru/generates/consumer/dto/request/GenerateVocabByListRequest done
Event: 107.288 Loading class com/netflix/discovery/shared/transport/decorator/EurekaHttpClientDecorator$3
Event: 107.288 Loading class com/netflix/discovery/shared/transport/decorator/EurekaHttpClientDecorator$3 done
Event: 107.288 Loading class com/netflix/discovery/shared/transport/decorator/EurekaHttpClientDecorator$7
Event: 107.288 Loading class com/netflix/discovery/shared/transport/decorator/EurekaHttpClientDecorator$7 done

Classes unloaded (0 events):
No events

Classes redefined (1 events):
Event: 0.121 Thread 0x000002145b133d40 redefined class name=java.lang.Throwable, count=1

Internal exceptions (20 events):
Event: 6.273 Thread 0x0000021460600f30 Exception <a 'java/lang/IncompatibleClassChangeError'{0x000000064a11fc30}: Found class java.lang.Object, but interface was expected> (0x000000064a11fc30) 
thrown [s\open\src\hotspot\share\interpreter\linkResolver.cpp, line 840]
Event: 6.463 Thread 0x0000021460600f30 Exception <a 'java/lang/NoSuchMethodError'{0x000000065f3b1b60}: 'long java.lang.invoke.DirectMethodHandle$Holder.invokeStatic(java.lang.Object, java.lang.Object, int)'> (0x000000065f3b1b60) 
thrown [s\open\src\hotspot\share\interpreter\linkResolver.cpp, line 773]
Event: 6.463 Thread 0x0000021460600f30 Exception <a 'java/lang/NoSuchMethodError'{0x000000065f3bc6b8}: 'java.lang.Object java.lang.invoke.DelegatingMethodHandle$Holder.reinvoke_L(java.lang.Object, int, int, long, java.lang.Object, long, long, long)'> (0x000000065f3bc6b8) 
thrown [s\open\src\hotspot\share\interpreter\linkResolver.cpp, line 773]
Event: 6.464 Thread 0x0000021460600f30 Exception <a 'java/lang/NoSuchMethodError'{0x000000065f3e02a8}: 'java.lang.Object java.lang.invoke.DelegatingMethodHandle$Holder.reinvoke_L(java.lang.Object, java.lang.Object, java.lang.Object, java.lang.Object, java.lang.Object, java.lang.Object, java.lang.Object, java.lang.Object, java.lang.Object, java.lang.Object, java.lang.Object, java.lang.Object, java.lang.Object, java.lang.Object, int, java.lang.Object, java.lang.Object, java.lang.Object, java.lang.Object, java.lang.Object, java.lang.Object, java.l
Event: 6.466 Thread 0x0000021460600f30 Exception <a 'java/lang/NoSuchMethodError'{0x000000064f034f08}: 'java.lang.Object java.lang.invoke.DirectMethodHandle$Holder.invokeStatic(java.lang.Object, java.lang.Object, java.lang.Object, java.lang.Object, java.lang.Object, java.lang.Object, java.lang.Object, java.lang.Object, java.lang.Object, java.lang.Object, java.lang.Object, java.lang.Object, java.lang.Object)'> (0x000000064f034f08) 
thrown [s\open\src\hotspot\share\interpreter\linkResolver.cpp, line 773]
Event: 6.466 Thread 0x0000021460600f30 Exception <a 'java/lang/NoSuchMethodError'{0x000000064f056cb8}: 'java.lang.Object java.lang.invoke.DirectMethodHandle$Holder.invokeStatic(java.lang.Object, java.lang.Object, java.lang.Object, java.lang.Object, java.lang.Object, java.lang.Object, java.lang.Object, java.lang.Object, java.lang.Object, java.lang.Object, java.lang.Object, java.lang.Object, java.lang.Object, java.lang.Object)'> (0x000000064f056cb8) 
thrown [s\open\src\hotspot\share\interpreter\linkResolver.cpp, line 773]
Event: 6.466 Thread 0x0000021460600f30 Exception <a 'java/lang/NoSuchMethodError'{0x000000064f06ca38}: 'java.lang.Object java.lang.invoke.DelegatingMethodHandle$Holder.reinvoke_L(java.lang.Object, java.lang.Object, java.lang.Object, java.lang.Object, java.lang.Object, java.lang.Object, java.lang.Object, java.lang.Object, java.lang.Object, java.lang.Object, java.lang.Object, java.lang.Object, java.lang.Object, java.lang.Object, java.lang.Object, java.lang.Object, java.lang.Object, java.lang.Object, java.lang.Object, java.lang.Object, java.lang.O
Event: 6.515 Thread 0x000002146b8f1f70 Exception <a 'java/lang/NoSuchMethodError'{0x000000064ef14d58}: 'long java.lang.invoke.DelegatingMethodHandle$Holder.reinvoke_L(java.lang.Object, java.lang.Object)'> (0x000000064ef14d58) 
thrown [s\open\src\hotspot\share\interpreter\linkResolver.cpp, line 773]
Event: 6.556 Thread 0x0000021460600f30 Exception <a 'java/lang/IncompatibleClassChangeError'{0x000000064bb88060}: Found class java.lang.Object, but interface was expected> (0x000000064bb88060) 
thrown [s\open\src\hotspot\share\interpreter\linkResolver.cpp, line 840]
Event: 6.584 Thread 0x000002146b8f6e30 Exception <a 'java/lang/NoSuchMethodError'{0x000000064b7464f0}: 'void java.lang.invoke.DirectMethodHandle$Holder.invokeInterface(java.lang.Object, java.lang.Object, int, int)'> (0x000000064b7464f0) 
thrown [s\open\src\hotspot\share\interpreter\linkResolver.cpp, line 773]
Event: 6.585 Thread 0x000002146b8f6e30 Exception <a 'java/lang/NoSuchMethodError'{0x000000064b74d428}: 'void java.lang.invoke.DelegatingMethodHandle$Holder.reinvoke_L(java.lang.Object, java.lang.Object, int, int)'> (0x000000064b74d428) 
thrown [s\open\src\hotspot\share\interpreter\linkResolver.cpp, line 773]
Event: 6.587 Thread 0x000002146b8f6e30 Exception <a 'java/lang/NoSuchMethodError'{0x000000064b773f08}: 'java.lang.Object java.lang.invoke.DelegatingMethodHandle$Holder.reinvoke_L(java.lang.Object, java.lang.Object, java.lang.Object, int, java.lang.Object, int, int, java.lang.Object, java.lang.Object)'> (0x000000064b773f08) 
thrown [s\open\src\hotspot\share\interpreter\linkResolver.cpp, line 773]
Event: 6.694 Thread 0x00000214668aa180 Exception <a 'java/lang/NoSuchMethodError'{0x000000064ac0a330}: 'java.lang.Object java.lang.invoke.DirectMethodHandle$Holder.invokeInterface(java.lang.Object, java.lang.Object, java.lang.Object, java.lang.Object, java.lang.Object, java.lang.Object, java.lang.Object)'> (0x000000064ac0a330) 
thrown [s\open\src\hotspot\share\interpreter\linkResolver.cpp, line 773]
Event: 6.749 Thread 0x000002146bfaec50 Exception <a 'java/lang/NoSuchMethodError'{0x000000064a87f540}: 'java.lang.Object java.lang.invoke.DirectMethodHandle$Holder.newInvokeSpecial(java.lang.Object, java.lang.Object, java.lang.Object, java.lang.Object, int)'> (0x000000064a87f540) 
thrown [s\open\src\hotspot\share\interpreter\linkResolver.cpp, line 773]
Event: 6.749 Thread 0x000002146bfaec50 Exception <a 'java/lang/NoSuchMethodError'{0x000000064a8834f8}: 'java.lang.Object java.lang.invoke.DirectMethodHandle$Holder.invokeSpecial(java.lang.Object, java.lang.Object, java.lang.Object, java.lang.Object, java.lang.Object, int)'> (0x000000064a8834f8) 
thrown [s\open\src\hotspot\share\interpreter\linkResolver.cpp, line 773]
Event: 6.749 Thread 0x000002146bfaec50 Exception <a 'java/lang/NoSuchMethodError'{0x000000064a886db0}: 'java.lang.Object java.lang.invoke.Invokers$Holder.linkToTargetMethod(java.lang.Object, java.lang.Object, java.lang.Object, int, java.lang.Object)'> (0x000000064a886db0) 
thrown [s\open\src\hotspot\share\interpreter\linkResolver.cpp, line 773]
Event: 6.766 Thread 0x00000214668aa180 Exception <a 'java/lang/NoSuchMethodError'{0x000000064abcb5a8}: 'int java.lang.invoke.DirectMethodHandle$Holder.invokeInterface(java.lang.Object, java.lang.Object, int)'> (0x000000064abcb5a8) 
thrown [s\open\src\hotspot\share\interpreter\linkResolver.cpp, line 773]
Event: 14.209 Thread 0x000002146bfac4f0 Exception <a 'java/lang/NoSuchMethodError'{0x000000064a777de0}: method resolution failed> (0x000000064a777de0) 
thrown [s\open\src\hotspot\share\prims\methodHandles.cpp, line 1136]
Event: 14.219 Thread 0x000002146bfac4f0 Exception <a 'java/lang/NoSuchMethodError'{0x000000064a009d70}: 'java.lang.Object java.lang.invoke.Invokers$Holder.invoker(java.lang.Object, java.lang.Object, java.lang.Object, java.lang.Object, java.lang.Object, java.lang.Object, java.lang.Object, java.lang.Object, java.lang.Object, java.lang.Object, java.lang.Object, java.lang.Object, java.lang.Object, java.lang.Object, java.lang.Object, java.lang.Object, java.lang.Object)'> (0x000000064a009d70) 
thrown [s\open\src\hotspot\share\interpreter\linkResolver.
Event: 14.219 Thread 0x000002146bfac4f0 Exception <a 'java/lang/NoSuchMethodError'{0x000000064a014368}: 'java.lang.Object java.lang.invoke.DelegatingMethodHandle$Holder.delegate(java.lang.Object, java.lang.Object, java.lang.Object, java.lang.Object, java.lang.Object, java.lang.Object, java.lang.Object, java.lang.Object, java.lang.Object, java.lang.Object, java.lang.Object, java.lang.Object, java.lang.Object, java.lang.Object, java.lang.Object, java.lang.Object, java.lang.Object)'> (0x000000064a014368) 
thrown [s\open\src\hotspot\share\interprete

ZGC Phase Switch (0 events):
No events

VM Operations (20 events):
Event: 60.338 Executing VM operation: get/set locals
Event: 60.338 Executing VM operation: get/set locals done
Event: 60.338 Executing VM operation: get/set locals
Event: 60.338 Executing VM operation: get/set locals done
Event: 60.340 Executing VM operation: get/set locals
Event: 60.340 Executing VM operation: get/set locals done
Event: 61.178 Executing VM operation: ChangeSingleStep
Event: 61.178 Executing VM operation: ChangeSingleStep done
Event: 61.178 Executing VM operation: ChangeSingleStep
Event: 61.178 Executing VM operation: ChangeSingleStep done
Event: 61.256 Executing VM operation: get/set locals
Event: 61.256 Executing VM operation: get/set locals done
Event: 61.256 Executing VM operation: get/set locals
Event: 61.256 Executing VM operation: get/set locals done
Event: 61.256 Executing VM operation: get/set locals
Event: 61.256 Executing VM operation: get/set locals done
Event: 61.287 Executing VM operation: get/set locals
Event: 61.287 Executing VM operation: get/set locals done
Event: 107.285 Executing VM operation: ChangeSingleStep
Event: 107.285 Executing VM operation: ChangeSingleStep done

Events (20 events):
Event: 6.748 Thread 0x000002146bfb0d20 Thread added: 0x000002146bfb0d20
Event: 6.750 Thread 0x000002146bfb2df0 Thread exited: 0x000002146bfb2df0
Event: 6.750 Thread 0x000002146bfb2df0 Thread added: 0x000002146bfb2df0
Event: 6.762 Thread 0x000002146bfaf2e0 Thread exited: 0x000002146bfaf2e0
Event: 6.771 Thread 0x000002146bfb2df0 Thread exited: 0x000002146bfb2df0
Event: 6.772 Thread 0x000002146bfad210 Thread exited: 0x000002146bfad210
Event: 6.780 Thread 0x000002146bfb0d20 Thread exited: 0x000002146bfb0d20
Event: 9.972 Thread 0x00000214651ca810 Thread exited: 0x00000214651ca810
Event: 14.200 Thread 0x000002146bfaf2e0 Thread added: 0x000002146bfaf2e0
Event: 19.224 Thread 0x0000021463b383c0 Thread exited: 0x0000021463b383c0
Event: 19.224 Thread 0x0000021462a48820 Thread exited: 0x0000021462a48820
Event: 24.238 Thread 0x000002145b2cd480 Thread exited: 0x000002145b2cd480
Event: 24.238 Thread 0x0000021461362500 Thread exited: 0x0000021461362500
Event: 29.244 Thread 0x000002145b204dc0 Thread exited: 0x000002145b204dc0
Event: 107.286 Thread 0x000002146bfad210 Thread added: 0x000002146bfad210
Event: 107.286 Thread 0x000002146bfb3b10 Thread added: 0x000002146bfb3b10
Event: 107.288 Thread 0x0000021460eadb90 Thread exited: 0x0000021460eadb90
Event: 107.288 Thread 0x000002146bfb2760 Thread exited: 0x000002146bfb2760
Event: 107.288 Thread 0x00000214668aa180 Thread exited: 0x00000214668aa180
Event: 107.288 Thread 0x000002146bfb0000 Thread exited: 0x000002146bfb0000


Dynamic libraries:
0x00007ff6d46b0000 - 0x00007ff6d46c0000 	C:\Program Files\Java\jdk-21.0.10\bin\java.exe
0x00007ff9f8260000 - 0x00007ff9f84c8000 	C:\WINDOWS\SYSTEM32\ntdll.dll
0x00007ff9f74e0000 - 0x00007ff9f75a9000 	C:\WINDOWS\System32\KERNEL32.DLL
0x00007ff9f5900000 - 0x00007ff9f5cf1000 	C:\WINDOWS\System32\KERNELBASE.dll
0x00007ff9f5eb0000 - 0x00007ff9f5ffb000 	C:\WINDOWS\System32\ucrtbase.dll
0x00007ff9db910000 - 0x00007ff9db92e000 	C:\Program Files\Java\jdk-21.0.10\bin\VCRUNTIME140.dll
0x00007ff9d9a70000 - 0x00007ff9d9a89000 	C:\Program Files\Java\jdk-21.0.10\bin\jli.dll
0x00007ff9f80b0000 - 0x00007ff9f8164000 	C:\WINDOWS\System32\ADVAPI32.dll
0x00007ff9f8000000 - 0x00007ff9f80a9000 	C:\WINDOWS\System32\msvcrt.dll
0x00007ff9f6740000 - 0x00007ff9f67e6000 	C:\WINDOWS\System32\sechost.dll
0x00007ff9f6450000 - 0x00007ff9f6568000 	C:\WINDOWS\System32\RPCRT4.dll
0x00007ff9f6570000 - 0x00007ff9f6736000 	C:\WINDOWS\System32\USER32.dll
0x00007ff9f5d00000 - 0x00007ff9f5d27000 	C:\WINDOWS\System32\win32u.dll
0x00007ff9f81f0000 - 0x00007ff9f821b000 	C:\WINDOWS\System32\GDI32.dll
0x00007ff9d5c90000 - 0x00007ff9d5f23000 	C:\WINDOWS\WinSxS\amd64_microsoft.windows.common-controls_6595b64144ccf1df_6.0.26100.7824_none_3e0870b2e3345462\COMCTL32.dll
0x00007ff9f4bd0000 - 0x00007ff9f4cfb000 	C:\WINDOWS\System32\gdi32full.dll
0x00007ff9f4d00000 - 0x00007ff9f4da3000 	C:\WINDOWS\System32\msvcp_win.dll
0x00007ff9e30c0000 - 0x00007ff9e30cb000 	C:\WINDOWS\SYSTEM32\VERSION.dll
0x00007ff9f75c0000 - 0x00007ff9f75f1000 	C:\WINDOWS\System32\IMM32.DLL
0x00007ff9e8f50000 - 0x00007ff9e8f5c000 	C:\Program Files\Java\jdk-21.0.10\bin\vcruntime140_1.dll
0x00007ff9ccb10000 - 0x00007ff9ccb9d000 	C:\Program Files\Java\jdk-21.0.10\bin\msvcp140.dll
0x00007ff9577a0000 - 0x00007ff9584c7000 	C:\Program Files\Java\jdk-21.0.10\bin\server\jvm.dll
0x00007ff9f8170000 - 0x00007ff9f81e4000 	C:\WINDOWS\System32\WS2_32.dll
0x00007ff9f49a0000 - 0x00007ff9f49fe000 	C:\WINDOWS\SYSTEM32\POWRPROF.dll
0x00007ff9e9260000 - 0x00007ff9e9295000 	C:\WINDOWS\SYSTEM32\WINMM.dll
0x00007ff9f4980000 - 0x00007ff9f4994000 	C:\WINDOWS\SYSTEM32\UMPDC.dll
0x00007ff9f38a0000 - 0x00007ff9f38bb000 	C:\WINDOWS\SYSTEM32\kernel.appcore.dll
0x00007ff9e5be0000 - 0x00007ff9e5bea000 	C:\Program Files\Java\jdk-21.0.10\bin\jimage.dll
0x00007ff9f24f0000 - 0x00007ff9f2732000 	C:\WINDOWS\SYSTEM32\DBGHELP.DLL
0x00007ff9f6850000 - 0x00007ff9f6bd6000 	C:\WINDOWS\System32\combase.dll
0x00007ff9f7600000 - 0x00007ff9f76d7000 	C:\WINDOWS\System32\OLEAUT32.dll
0x00007ff9e3a20000 - 0x00007ff9e3a5b000 	C:\WINDOWS\SYSTEM32\dbgcore.DLL
0x00007ff9f4db0000 - 0x00007ff9f4e55000 	C:\WINDOWS\System32\bcryptPrimitives.dll
0x00007ff9dc770000 - 0x00007ff9dc7ac000 	C:\Program Files\Java\jdk-21.0.10\bin\jdwp.dll
0x00007ff9dcc50000 - 0x00007ff9dcc60000 	C:\Program Files\Java\jdk-21.0.10\bin\instrument.dll
0x00007ff9d7520000 - 0x00007ff9d7541000 	C:\Program Files\Java\jdk-21.0.10\bin\java.dll
0x00007ff9a2e70000 - 0x00007ff9a30a9000 	C:\Users\duckh\AppData\Local\Temp\idea_libasyncProfiler_dll_temp_folder\libasyncProfiler.dll
0x00007ff9d5a90000 - 0x00007ff9d5aa8000 	C:\Program Files\Java\jdk-21.0.10\bin\zip.dll
0x00007ff9f6c00000 - 0x00007ff9f7352000 	C:\WINDOWS\System32\SHELL32.dll
0x00007ff9f56d0000 - 0x00007ff9f583a000 	C:\WINDOWS\System32\wintypes.dll
0x00007ff9f4e60000 - 0x00007ff9f56c3000 	C:\WINDOWS\System32\windows.storage.dll
0x00007ff9f7900000 - 0x00007ff9f79f6000 	C:\WINDOWS\System32\SHCORE.dll
0x00007ff9f6260000 - 0x00007ff9f62c7000 	C:\WINDOWS\System32\shlwapi.dll
0x00007ff9f4a60000 - 0x00007ff9f4a89000 	C:\WINDOWS\SYSTEM32\profapi.dll
0x00007ff9e5bf0000 - 0x00007ff9e5bfc000 	C:\Program Files\Java\jdk-21.0.10\bin\dt_socket.dll
0x00007ff9f3350000 - 0x00007ff9f3384000 	C:\WINDOWS\SYSTEM32\IPHLPAPI.DLL
0x00007ff9f3df0000 - 0x00007ff9f3e5b000 	C:\WINDOWS\system32\mswsock.dll
0x00007ff9d5bd0000 - 0x00007ff9d5be1000 	C:\Program Files\Java\jdk-21.0.10\bin\net.dll
0x00007ff9ee600000 - 0x00007ff9ee727000 	C:\WINDOWS\SYSTEM32\WINHTTP.dll
0x00007ff9d5ab0000 - 0x00007ff9d5ac6000 	C:\Program Files\Java\jdk-21.0.10\bin\nio.dll
0x00007ff9f3430000 - 0x00007ff9f355c000 	C:\WINDOWS\SYSTEM32\DNSAPI.dll
0x00007ff9f6be0000 - 0x00007ff9f6bea000 	C:\WINDOWS\System32\NSI.dll
0x00007ff9ee7c0000 - 0x00007ff9ee7cb000 	C:\Windows\System32\rasadhlp.dll
0x00007ff9ee8c0000 - 0x00007ff9ee946000 	C:\WINDOWS\System32\fwpuclnt.dll
0x00007ff9d5bc0000 - 0x00007ff9d5bca000 	C:\Program Files\Java\jdk-21.0.10\bin\management.dll
0x00007ff9d5a30000 - 0x00007ff9d5a3c000 	C:\Program Files\Java\jdk-21.0.10\bin\management_ext.dll
0x00007ff9f6bf0000 - 0x00007ff9f6bf8000 	C:\WINDOWS\System32\PSAPI.DLL
0x00007ff9f41e0000 - 0x00007ff9f41fb000 	C:\WINDOWS\SYSTEM32\CRYPTSP.dll
0x00007ff9f3800000 - 0x00007ff9f3839000 	C:\WINDOWS\system32\rsaenh.dll
0x00007ff9f3ea0000 - 0x00007ff9f3ecb000 	C:\WINDOWS\SYSTEM32\USERENV.dll
0x00007ff9f4a30000 - 0x00007ff9f4a5a000 	C:\WINDOWS\SYSTEM32\bcrypt.dll
0x00007ff9f4040000 - 0x00007ff9f404c000 	C:\WINDOWS\SYSTEM32\CRYPTBASE.dll
0x00007ff9df430000 - 0x00007ff9df448000 	C:\WINDOWS\system32\napinsp.dll
0x00007ff9df3e0000 - 0x00007ff9df3f2000 	C:\WINDOWS\System32\winrnr.dll
0x00007ff9df010000 - 0x00007ff9df032000 	C:\WINDOWS\system32\nlansp_c.dll
0x00007ff9e9200000 - 0x00007ff9e9216000 	C:\WINDOWS\system32\wshbth.dll
0x00007ff9d7380000 - 0x00007ff9d7389000 	C:\Program Files\Java\jdk-21.0.10\bin\extnet.dll
0x00007ff9d5a20000 - 0x00007ff9d5a2e000 	C:\Program Files\Java\jdk-21.0.10\bin\sunmscapi.dll
0x00007ff9f5d30000 - 0x00007ff9f5ea7000 	C:\WINDOWS\System32\CRYPT32.dll
0x00007ff9f43b0000 - 0x00007ff9f43e0000 	C:\WINDOWS\SYSTEM32\ncrypt.dll
0x00007ff9f4360000 - 0x00007ff9f439f000 	C:\WINDOWS\SYSTEM32\NTASN1.dll
0x00007ff9d4cd0000 - 0x00007ff9d4ce0000 	C:\Program Files\Java\jdk-21.0.10\bin\verify.dll
0x00007ff9d32a0000 - 0x00007ff9d32a8000 	C:\WINDOWS\system32\wshunix.dll

dbghelp: loaded successfully - version: 4.0.5 - missing functions: none
symbol engine: initialized successfully - sym options: 0x614 - pdb path: .;C:\Program Files\Java\jdk-21.0.10\bin;C:\WINDOWS\SYSTEM32;C:\WINDOWS\WinSxS\amd64_microsoft.windows.common-controls_6595b64144ccf1df_6.0.26100.7824_none_3e0870b2e3345462;C:\Program Files\Java\jdk-21.0.10\bin\server;C:\Users\duckh\AppData\Local\Temp\idea_libasyncProfiler_dll_temp_folder

VM Arguments:
jvm_args: -agentlib:jdwp=transport=dt_socket,address=127.0.0.1:61518,suspend=y,server=n -javaagent:C:\Users\duckh\AppData\Local\JetBrains\IntelliJIdea2025.3\captureAgent\debugger-agent.jar=file:///C:/Users/duckh/AppData/Local/Temp/capture16581207011379944921.props -agentpath:C:\Users\duckh\AppData\Local\Temp\idea_libasyncProfiler_dll_temp_folder\libasyncProfiler.dll=version,jfr,event=wall,interval=10ms,cstack=no,file=C:\Users\duckh\IdeaSnapshots\GenerateApplication_2026_03_10_204953.jfr,dbghelppath=C:\Users\duckh\AppData\Local\Temp\idea_dbghelp_dll_temp_folder\dbghelp.dll,log=C:\Users\duckh\AppData\Local\Temp\GenerateApplication_2026_03_10_204953.jfr.log.txt,logLevel=DEBUG -XX:TieredStopAtLevel=1 -Dspring.output.ansi.enabled=always -Dcom.sun.management.jmxremote -Dspring.jmx.enabled=true -Dspring.liveBeansView.mbeanDomain -Dspring.application.admin.enabled=true -Dmanagement.endpoints.jmx.exposure.include=* -Dkotlinx.coroutines.debug.enable.creation.stack.trace=false -Ddebugger.agent.enable.coroutines=true -Dkotlinx.coroutines.debug.enable.flows.stack.trace=true -Dkotlinx.coroutines.debug.enable.mutable.state.flows.stack.trace=true -Ddebugger.async.stack.trace.for.all.threads=true -Dfile.encoding=UTF-8 -Dsun.stdout.encoding=UTF-8 -Dsun.stderr.encoding=UTF-8 
java_command: com.quizguru.generates.GenerateApplication
java_class_path (initial): C:\Project\quiz-guru-server\generates\target\classes;C:\Users\duckh\.m2\repository\org\springframework\boot\spring-boot-starter-actuator\3.3.1\spring-boot-starter-actuator-3.3.1.jar;C:\Users\duckh\.m2\repository\org\springframework\boot\spring-boot-starter\3.3.1\spring-boot-starter-3.3.1.jar;C:\Users\duckh\.m2\repository\org\springframework\boot\spring-boot-starter-logging\3.3.1\spring-boot-starter-logging-3.3.1.jar;C:\Users\duckh\.m2\repository\ch\qos\logback\logback-classic\1.5.6\logback-classic-1.5.6.jar;C:\Users\duckh\.m2\repository\ch\qos\logback\logback-core\1.5.6\logback-core-1.5.6.jar;C:\Users\duckh\.m2\repository\org\apache\logging\log4j\log4j-to-slf4j\2.23.1\log4j-to-slf4j-2.23.1.jar;C:\Users\duckh\.m2\repository\org\apache\logging\log4j\log4j-api\2.23.1\log4j-api-2.23.1.jar;C:\Users\duckh\.m2\repository\org\slf4j\jul-to-slf4j\2.0.13\jul-to-slf4j-2.0.13.jar;C:\Users\duckh\.m2\repository\jakarta\annotation\jakarta.annotation-api\2.1.1\jakarta.annotation-api-2.1.1.jar;C:\Users\duckh\.m2\repository\org\yaml\snakeyaml\2.2\snakeyaml-2.2.jar;C:\Users\duckh\.m2\repository\org\springframework\boot\spring-boot-actuator-autoconfigure\3.3.1\spring-boot-actuator-autoconfigure-3.3.1.jar;C:\Users\duckh\.m2\repository\org\springframework\boot\spring-boot-actuator\3.3.1\spring-boot-actuator-3.3.1.jar;C:\Users\duckh\.m2\repository\com\fasterxml\jackson\datatype\jackson-datatype-jsr310\2.17.1\jackson-datatype-jsr310-2.17.1.jar;C:\Users\duckh\.m2\repository\io\micrometer\micrometer-observation\1.13.1\micrometer-observation-1.13.1.jar;C:\Users\duckh\.m2\repository\io\micrometer\micrometer-commons\1.13.1\micrometer-commons-1.13.1.jar;C:\Users\duckh\.m2\repository\io\micrometer\micrometer-jakarta9\1.13.1\micrometer-jakarta9-1.13.1.jar;C:\Users\duckh\.m2\repository\org\springframework\cloud\spring-cloud-starter-config\4.1.2\spring-cloud-starter-config-4.1.2.jar;C:\Users\duckh\.m2\repository\org\springframework\cloud\spring-cloud-starter\4.1.3\spring-cloud-starter-4.1.3.jar;C:\Users\duckh\.m2\repository\org\springframework\cloud\spring-cloud-context\4.1.3\spring-cloud-context-4.1.3.jar;C:\Users\duckh\.m2\repository\org\springframework\security\spring-security-rsa\1.1.3\spring-security-rsa-1.1.3.jar;C:\Users\duckh\.m2\repository\org\bouncycastle\bcprov-jdk18on\1.78\bcprov-jdk18on-1.78.jar;C:\Users\duckh\.m2\repository\org\springframework\cloud\spring-cloud-config-client\4.1.2\spring-cloud-config-client-4.1.2.jar;C:\Users\duckh\.m2\repository\com\fasterxml\jackson\core\jackson-annotations\2.17.1\jackson-annotations-2.17.1.jar;C:\Users\duckh\.m2\repository\org\apache\httpcomponents\client5\httpclient5\5.3.1\httpclient5-5.3.1.jar;C:\Users\duckh\.m2\repository\org\apache\httpcomponents\core5\httpcore5\5.2.4\httpcore5-5.2.4.jar;C:\Users\duckh\.m2\repository\org\apache\httpcomponents\core5\httpcore5-h2\5.2.4\httpcore5-h2-5.2.4.jar;C:\Users\duckh\.m2\repository\com\fasterxml\jackson\core\jackson-databind\2.17.1\jackson-databind-2.17.1.jar;C:\Users\duckh\.m2\repository\com\fasterxml\jackson\core\jackson-core\2.17.1\jackson-core-2.17.1.jar;C:\Users\duckh\.m2\repository\org\springframework\cloud\spring-cloud-starter-netflix-eureka-client\4.1.2\spring-cloud-starter-netflix-eureka-client-4.1.2.jar;C:\Users\duckh\.m2\repository\org\springframework\cloud\spring-cloud-netflix-eureka-client\4.1.2\spring-cloud-netflix-eureka-client-4.1.2.jar;C:\Users\duckh\.m2\repository\com\netflix\eureka\eureka-client\2.0.2\eureka-client-2.0.2.jar;C:\Users\duckh\.m2\repository\com\netflix\netflix-commons\netflix-eventbus\0.3.0\netflix-eventbus-0.3.0.jar;C:\Users\duckh\.m2\repository\com\netflix\netflix-commons\netflix-infix\0.3.0\netflix-infix-0.3.0.jar;C:\Users\duckh\.m2\repository\commons-jxpath\commons-jxpath\1.3\commons-jxpath-1.3.jar;C:\Users\duckh\.m2\repository\joda-time\joda-time\2.3\joda-time-2.3.jar;C:\Users\duckh\.m2\repository\org\antlr\antlr-runtime\3.4\antlr-runtime-3.4.jar;C:\Users\duckh\.m2\repository\org\antlr\stringtemplate\3.2.1\stringtemplate-3.2.1.jar;C:\Users\duckh\.m2\repository\antlr\antlr\2.7.7\antlr-2.7.7.jar;C:\Users\duckh\.m2\repository\com\google\code\gson\gson\2.10.1\gson-2.10.1.jar;C:\Users\duckh\.m2\repository\org\apache\commons\commons-math\2.2\commons-math-2.2.jar;C:\Users\duckh\.m2\repository\com\thoughtworks\xstream\xstream\1.4.19\xstream-1.4.19.jar;C:\Users\duckh\.m2\repository\io\github\x-stream\mxparser\1.2.2\mxparser-1.2.2.jar;C:\Users\duckh\.m2\repository\xmlpull\xmlpull\1.1.3.1\xmlpull-1.1.3.1.jar;C:\Users\duckh\.m2\repository\jakarta\ws\rs\jakarta.ws.rs-api\3.1.0\jakarta.ws.rs-api-3.1.0.jar;C:\Users\duckh\.m2\repository\jakarta\inject\jakarta.inject-api\2.0.1\jakarta.inject-api-2.0.1.jar;C:\Users\duckh\.m2\repository\com\netflix\servo\servo-core\0.12.21\servo-core-0.12.21.jar;C:\Users\duckh\.m2\repository\com\google\guava\guava\19.0\guava-19.0.jar;C:\Users\duckh\.m2\repository\org\apache\httpcomponents\httpclient\4.5.3\httpclient-4.5.3.jar;C:\Users\duckh\.m2\repository\org\apache\httpcomponents\httpcore\4.4.16\httpcore-4.4.16.jar;C:\Users\duckh\.m2\repository\commons-codec\commons-codec\1.16.1\commons-codec-1.16.1.jar;C:\Users\duckh\.m2\repository\commons-configuration\commons-configuration\1.10\commons-configuration-1.10.jar;C:\Users\duckh\.m2\repository\commons-lang\commons-lang\2.6\commons-lang-2.6.jar;C:\Users\duckh\.m2\repository\org\codehaus\jettison\jettison\1.5.4\jettison-1.5.4.jar;C:\Users\duckh\.m2\repository\com\netflix\eureka\eureka-core\2.0.2\eureka-core-2.0.2.jar;C:\Users\duckh\.m2\repository\com\fasterxml\woodstox\woodstox-core\6.2.1\woodstox-core-6.2.1.jar;C:\Users\duckh\.m2\repository\org\codehaus\woodstox\stax2-api\4.2.1\stax2-api-4.2.1.jar;C:\Users\duckh\.m2\repository\org\springframework\cloud\spring-cloud-starter-loadbalancer\4.1.3\spring-cloud-starter-loadbalancer-4.1.3.jar;C:\Users\duckh\.m2\repository\org\springframework\cloud\spring-cloud-loadbalancer\4.1.3\spring-cloud-loadbalancer-4.1.3.jar;C:\Users\duckh\.m2\repository\io\projectreactor\reactor-core\3.6.7\reactor-core-3.6.7.jar;C:\Users\duckh\.m2\repository\org\reactivestreams\reactive-streams\1.0.4\reactive-streams-1.0.4.jar;C:\Users\duckh\.m2\repository\io\projectreactor\addons\reactor-extra\3.5.1\reactor-extra-3.5.1.jar;C:\Users\duckh\.m2\repository\org\springframework\boot\spring-boot-starter-cache\3.3.1\spring-boot-starter-cache-3.3.1.jar;C:\Users\duckh\.m2\repository\org\springframework\spring-context-support\6.1.10\spring-context-support-6.1.10.jar;C:\Users\duckh\.m2\repository\com\stoyanr\evictor\1.0.0\evictor-1.0.0.jar;C:\Users\duckh\.m2\repository\org\springframework\boot\spring-boot-devtools\3.3.1\spring-boot-devtools-3.3.1.jar;C:\Users\duckh\.m2\repository\org\springframework\boot\spring-boot\3.3.1\spring-boot-3.3.1.jar;C:\Users\duckh\.m2\repository\org\springframework\spring-context\6.1.10\spring-context-6.1.10.jar;C:\Users\duckh\.m2\repository\org\springframework\boot\spring-boot-autoconfigure\3.3.1\spring-boot-autoconfigure-3.3.1.jar;C:\Users\duckh\.m2\repository\org\projectlombok\lombok\1.18.32\lombok-1.18.32.jar;C:\Users\duckh\.m2\repository\org\slf4j\slf4j-api\2.0.13\slf4j-api-2.0.13.jar;C:\Users\duckh\.m2\repository\jakarta\xml\bind\jakarta.xml.bind-api\4.0.2\jakarta.xml.bind-api-4.0.2.jar;C:\Users\duckh\.m2\repository\jakarta\activation\jakarta.activation-api\2.1.3\jakarta.activation-api-2.1.3.jar;C:\Users\duckh\.m2\repository\net\bytebuddy\byte-buddy\1.14.17\byte-buddy-1.14.17.jar;C:\Users\duckh\.m2\repository\org\springframework\spring-core\6.1.10\spring-core-6.1.10.jar;C:\Users\duckh\.m2\repository\org\springframework\spring-jcl\6.1.10\spring-jcl-6.1.10.jar;C:\Users\duckh\.m2\repository\org\springframework\boot\spring-boot-starter-web\3.3.1\spring-boot-starter-web-3.3.1.jar;C:\Users\duckh\.m2\repository\org\springframework\boot\spring-boot-starter-json\3.3.1\spring-boot-starter-json-3.3.1.jar;C:\Users\duckh\.m2\repository\com\fasterxml\jackson\datatype\jackson-datatype-jdk8\2.17.1\jackson-datatype-jdk8-2.17.1.jar;C:\Users\duckh\.m2\repository\com\fasterxml\jackson\module\jackson-module-parameter-names\2.17.1\jackson-module-parameter-names-2.17.1.jar;C:\Users\duckh\.m2\repository\org\springframework\boot\spring-boot-starter-tomcat\3.3.1\spring-boot-starter-tomcat-3.3.1.jar;C:\Users\duckh\.m2\repository\org\apache\tomcat\embed\tomcat-embed-core\10.1.25\tomcat-embed-core-10.1.25.jar;C:\Users\duckh\.m2\repository\org\apache\tomcat\embed\tomcat-embed-el\10.1.25\tomcat-embed-el-10.1.25.jar;C:\Users\duckh\.m2\repository\org\apache\tomcat\embed\tomcat-embed-websocket\10.1.25\tomcat-embed-websocket-10.1.25.jar;C:\Users\duckh\.m2\repository\org\springframework\spring-web\6.1.10\spring-web-6.1.10.jar;C:\Users\duckh\.m2\repository\org\springframework\spring-beans\6.1.10\spring-beans-6.1.10.jar;C:\Users\duckh\.m2\repository\org\springframework\spring-webmvc\6.1.10\spring-webmvc-6.1.10.jar;C:\Users\duckh\.m2\repository\org\springframework\spring-expression\6.1.10\spring-expression-6.1.10.jar;C:\Users\duckh\.m2\repository\org\springframework\boot\spring-boot-starter-data-jpa\3.3.1\spring-boot-starter-data-jpa-3.3.1.jar;C:\Users\duckh\.m2\repository\org\springframework\boot\spring-boot-starter-aop\3.3.1\spring-boot-starter-aop-3.3.1.jar;C:\Users\duckh\.m2\repository\org\aspectj\aspectjweaver\1.9.22\aspectjweaver-1.9.22.jar;C:\Users\duckh\.m2\repository\org\springframework\boot\spring-boot-starter-jdbc\3.3.1\spring-boot-starter-jdbc-3.3.1.jar;C:\Users\duckh\.m2\repository\com\zaxxer\HikariCP\5.1.0\HikariCP-5.1.0.jar;C:\Users\duckh\.m2\repository\org\springframework\spring-jdbc\6.1.10\spring-jdbc-6.1.10.jar;C:\Users\duckh\.m2\repository\org\hibernate\orm\hibernate-core\6.5.2.Final\hibernate-core-6.5.2.Final.jar;C:\Users\duckh\.m2\repository\jakarta\persistence\jakarta.persistence-api\3.1.0\jakarta.persistence-api-3.1.0.jar;C:\Users\duckh\.m2\repository\jakarta\transaction\jakarta.transaction-api\2.0.1\jakarta.transaction-api-2.0.1.jar;C:\Users\duckh\.m2\repository\org\jboss\logging\jboss-logging\3.5.3.Final\jboss-logging-3.5.3.Final.jar;C:\Users\duckh\.m2\repository\org\hibernate\common\hibernate-commons-annotations\6.0.6.Final\hibernate-commons-annotations-6.0.6.Final.jar;C:\Users\duckh\.m2\repository\io\smallrye\jandex\3.1.2\jandex-3.1.2.jar;C:\Users\duckh\.m2\repository\com\fasterxml\classmate\1.7.0\classmate-1.7.0.jar;C:\Users\duckh\.m2\repository\org\glassfish\jaxb\jaxb-runtime\4.0.5\jaxb-runtime-4.0.5.jar;C:\Users\duckh\.m2\repository\org\glassfish\jaxb\jaxb-core\4.0.5\jaxb-core-4.0.5.jar;C:\Users\duckh\.m2\repository\org\eclipse\angus\angus-activation\2.0.2\angus-activation-2.0.2.jar;C:\Users\duckh\.m2\repository\org\glassfish\jaxb\txw2\4.0.5\txw2-4.0.5.jar;C:\Users\duckh\.m2\repository\com\sun\istack\istack-commons-runtime\4.1.2\istack-commons-runtime-4.1.2.jar;C:\Users\duckh\.m2\repository\org\antlr\antlr4-runtime\4.13.0\antlr4-runtime-4.13.0.jar;C:\Users\duckh\.m2\repository\org\springframework\data\spring-data-jpa\3.3.1\spring-data-jpa-3.3.1.jar;C:\Users\duckh\.m2\repository\org\springframework\data\spring-data-commons\3.3.1\spring-data-commons-3.3.1.jar;C:\Users\duckh\.m2\repository\org\springframework\spring-orm\6.1.10\spring-orm-6.1.10.jar;C:\Users\duckh\.m2\repository\org\springframework\spring-tx\6.1.10\spring-tx-6.1.10.jar;C:\Users\duckh\.m2\repository\org\springframework\spring-aspects\6.1.10\spring-aspects-6.1.10.jar;C:\Users\duckh\.m2\repository\com\mysql\mysql-connector-j\8.3.0\mysql-connector-j-8.3.0.jar;C:\Users\duckh\.m2\repository\org\springframework\boot\spring-boot-starter-amqp\3.3.1\spring-boot-starter-amqp-3.3.1.jar;C:\Users\duckh\.m2\repository\org\springframework\spring-messaging\6.1.10\spring-messaging-6.1.10.jar;C:\Users\duckh\.m2\repository\org\springframework\amqp\spring-rabbit\3.1.6\spring-rabbit-3.1.6.jar;C:\Users\duckh\.m2\repository\org\springframework\amqp\spring-amqp\3.1.6\spring-amqp-3.1.6.jar;C:\Users\duckh\.m2\repository\org\springframework\retry\spring-retry\2.0.6\spring-retry-2.0.6.jar;C:\Users\duckh\.m2\repository\com\rabbitmq\amqp-client\5.21.0\amqp-client-5.21.0.jar;C:\Users\duckh\.m2\repository\org\springframework\cloud\spring-cloud-starter-openfeign\4.1.2\spring-cloud-starter-openfeign-4.1.2.jar;C:\Users\duckh\.m2\repository\org\springframework\cloud\spring-cloud-openfeign-core\4.1.2\spring-cloud-openfeign-core-4.1.2.jar;C:\Users\duckh\.m2\repository\io\github\openfeign\form\feign-form-spring\3.8.0\feign-form-spring-3.8.0.jar;C:\Users\duckh\.m2\repository\io\github\openfeign\form\feign-form\3.8.0\feign-form-3.8.0.jar;C:\Users\duckh\.m2\repository\commons-fileupload\commons-fileupload\1.5\commons-fileupload-1.5.jar;C:\Users\duckh\.m2\repository\commons-io\commons-io\2.11.0\commons-io-2.11.0.jar;C:\Users\duckh\.m2\repository\org\springframework\cloud\spring-cloud-commons\4.1.3\spring-cloud-commons-4.1.3.jar;C:\Users\duckh\.m2\repository\org\springframework\security\spring-security-crypto\6.3.1\spring-security-crypto-6.3.1.jar;C:\Users\duckh\.m2\repository\io\github\openfeign\feign-core\13.2.1\feign-core-13.2.1.jar;C:\Users\duckh\.m2\repository\io\github\openfeign\feign-slf4j\13.2.1\feign-slf4j-13.2.1.jar;C:\Users\duckh\.m2\repository\io\micrometer\micrometer-registry-prometheus\1.13.1\micrometer-registry-prometheus-1.13.1.jar;C:\Users\duckh\.m2\repository\io\micrometer\micrometer-core\1.13.1\micrometer-core-1.13.1.jar;C:\Users\duckh\.m2\repository\org\hdrhistogram\HdrHistogram\2.2.2\HdrHistogram-2.2.2.jar;C:\Users\duckh\.m2\repository\org\latencyutils\LatencyUtils\2.0.3\LatencyUtils-2.0.3.jar;C:\Users\duckh\.m2\repository\io\prometheus\prometheus-metrics-core\1.2.1\prometheus-metrics-core-1.2.1.jar;C:\Users\duckh\.m2\repository\io\prometheus\prometheus-metrics-model\1.2.1\prometheus-metrics-model-1.2.1.jar;C:\Users\duckh\.m2\repository\io\prometheus\prometheus-metrics-config\1.2.1\prometheus-metrics-config-1.2.1.jar;C:\Users\duckh\.m2\repository\io\prometheus\prometheus-metrics-tracer-common\1.2.1\prometheus-metrics-tracer-common-1.2.1.jar;C:\Users\duckh\.m2\repository\io\prometheus\prometheus-metrics-exposition-formats\1.2.1\prometheus-metrics-exposition-formats-1.2.1.jar;C:\Users\duckh\.m2\repository\io\prometheus\prometheus-metrics-shaded-protobuf\1.2.1\prometheus-metrics-shaded-protobuf-1.2.1.jar;C:\Users\duckh\.m2\repository\org\springframework\boot\spring-boot-starter-security\3.3.1\spring-boot-starter-security-3.3.1.jar;C:\Users\duckh\.m2\repository\org\springframework\spring-aop\6.1.10\spring-aop-6.1.10.jar;C:\Users\duckh\.m2\repository\org\springframework\security\spring-security-config\6.3.1\spring-security-config-6.3.1.jar;C:\Users\duckh\.m2\repository\org\springframework\security\spring-security-web\6.3.1\spring-security-web-6.3.1.jar;C:\Users\duckh\.m2\repository\org\springframework\security\spring-security-oauth2-resource-server\6.3.1\spring-security-oauth2-resource-server-6.3.1.jar;C:\Users\duckh\.m2\repository\org\springframework\security\spring-security-core\6.3.1\spring-security-core-6.3.1.jar;C:\Users\duckh\.m2\repository\org\springframework\security\spring-security-oauth2-core\6.3.1\spring-security-oauth2-core-6.3.1.jar;C:\Users\duckh\.m2\repository\org\springframework\security\spring-security-oauth2-jose\6.3.1\spring-security-oauth2-jose-6.3.1.jar;C:\Users\duckh\.m2\repository\com\nimbusds\nimbus-jose-jwt\9.37.3\nimbus-jose-jwt-9.37.3.jar;C:\Users\duckh\.m2\repository\com\github\stephenc\jcip\jcip-annotations\1.0-1\jcip-annotations-1.0-1.jar;C:\Program Files\JetBrains\IntelliJ IDEA 2025.3.3\lib\idea_rt.jar
Launcher Type: SUN_STANDARD

[Global flags]
     intx CICompilerCount                          = 12                                        {product} {ergonomic}
     uint ConcGCThreads                            = 3                                         {product} {ergonomic}
     uint G1ConcRefinementThreads                  = 13                                        {product} {ergonomic}
   size_t G1HeapRegionSize                         = 4194304                                   {product} {ergonomic}
    uintx GCDrainStackTargetSize                   = 64                                        {product} {ergonomic}
   size_t InitialHeapSize                          = 469762048                                 {product} {ergonomic}
     bool ManagementServer                         = true                                      {product} {command line}
   size_t MarkStackSize                            = 4194304                                   {product} {ergonomic}
   size_t MaxHeapSize                              = 7461666816                                {product} {ergonomic}
   size_t MaxNewSize                               = 4475322368                                {product} {ergonomic}
   size_t MinHeapDeltaBytes                        = 4194304                                   {product} {ergonomic}
   size_t MinHeapSize                              = 8388608                                   {product} {ergonomic}
    uintx NonNMethodCodeHeapSize                   = 4096                                   {pd product} {ergonomic}
    uintx NonProfiledCodeHeapSize                  = 0                                      {pd product} {ergonomic}
     bool ProfileInterpreter                       = false                                  {pd product} {command line}
    uintx ProfiledCodeHeapSize                     = 0                                      {pd product} {ergonomic}
   size_t SoftMaxHeapSize                          = 7461666816                             {manageable} {ergonomic}
     intx TieredStopAtLevel                        = 1                                         {product} {command line}
     bool UseCompressedOops                        = true                           {product lp64_product} {ergonomic}
     bool UseG1GC                                  = true                                      {product} {ergonomic}
     bool UseLargePagesIndividualAllocation        = false                                  {pd product} {ergonomic}

Logging:
Log output configuration:
 #0: stdout all=warning uptime,level,tags foldmultilines=false
 #1: stderr all=off uptime,level,tags foldmultilines=false

Environment Variables:
JAVA_HOME=C:\Program Files\Java\jdk-25.0.2
PATH=C:\Program Files\Common Files\Oracle\Java\javapath;C:\WINDOWS\system32;C:\WINDOWS;C:\WINDOWS\System32\Wbem;C:\WINDOWS\System32\WindowsPowerShell\v1.0\;C:\WINDOWS\System32\OpenSSH\;C:\Program Files\nodejs\;C:\Program Files\Git\cmd;C:\Program Files\Java\jdk-25.0.2\bin;C:\Program Files\maven\apache-maven-3.9.13\bin;;C:\Program Files\Docker\Docker\resources\bin;C:\Users\duckh\AppData\Local\Microsoft\WindowsApps;C:\Users\duckh\AppData\Roaming\npm;C:\Users\duckh\AppData\Local\Programs\Microsoft VS Code\bin;C:\Users\duckh\AppData\Local\Python\bin
USERNAME=duckh
OS=Windows_NT
PROCESSOR_IDENTIFIER=AMD64 Family 26 Model 96 Stepping 0, AuthenticAMD
TMP=C:\Users\duckh\AppData\Local\Temp
TEMP=C:\Users\duckh\AppData\Local\Temp




Periodic native trim disabled

---------------  S Y S T E M  ---------------

OS:
 Windows 11 , 64 bit Build 26100 (10.0.26100.7705)
OS uptime: 0 days 22:06 hours
Hyper-V role detected

CPU: total 16 (initial active 16) (16 cores per cpu, 2 threads per core) family 26 model 96 stepping 0 microcode 0xb60000e, cx8, cmov, fxsr, ht, mmx, 3dnowpref, sse, sse2, sse3, ssse3, sse4a, sse4.1, sse4.2, popcnt, lzcnt, tsc, tscinvbit, avx, avx2, aes, erms, clmul, bmi1, bmi2, adx, avx512f, avx512dq, avx512cd, avx512bw, avx512vl, sha, fma, vzeroupper, avx512_vpopcntdq, avx512_vpclmulqdq, avx512_vaes, avx512_vnni, clflush, clflushopt, avx512_vbmi2, avx512_vbmi, hv, rdtscp, rdpid, fsrm, gfni, avx512_bitalg, f16c, cet_ss, avx512_ifma
Processor Information for all 16 processors :
  Max Mhz: 2000, Current Mhz: 2000, Mhz Limit: 2000

Memory: 4k page, system-wide physical 28458M (4066M free)
TotalPageFile size 38210M (AvailPageFile size 4967M)
current process WorkingSet (physical memory assigned to process): 433M, peak: 433M
current process commit charge ("private bytes"): 494M, peak: 596M

vm_info: Java HotSpot(TM) 64-Bit Server VM (21.0.10+8-LTS-217) for windows-amd64 JRE (21.0.10+8-LTS-217), built on 2025-12-18T14:59:28Z by "mach5run" with MS VC++ 17.13 (VS2022)

END.
